============================================================
  Generated by:           Genus(TM) Synthesis Solution 21.18-s082_1
  Generated on:           Dec 24 2025  06:51:28 pm
  Module:                 rv32im_integrated_macro
  Operating conditions:   PVT_1P8V_25C (balanced_tree)
  Wireload mode:          enclosed
  Area mode:              timing library
============================================================

Timing
--------

Clock  Period 
--------------
clk   10000.0 


  Cost    Critical         Violating 
 Group   Path Slack  TNS     Paths   
-------------------------------------
clk        No paths   0.0            
default    No paths   0.0            
-------------------------------------
Total                 0.0          0 

Instance Count
--------------
Leaf Instance Count             0 
Physical Instance count         0 
Sequential Instance Count       0 
Combinational Instance Count    0 
Hierarchical Instance Count     2 

Area
----
Cell Area                          0.000
Physical Cell Area                 0.000
Total Cell Area (Cell+Physical)    0.000
Net Area                           0.000
Total Area (Cell+Physical+Net)     0.000

Max Fanout                         2 (clk)
Min Fanout                         1 (mdu_ack)
Average Fanout                     1.0
Terms to net ratio                 0.0000
Runtime                            8.920783 seconds
Elapsed Runtime                    9 seconds
Genus peak memory usage            1243.77 
Innovus peak memory usage          no_value 
Hostname                           pc231.ee.hacettepe.edu.tr
