###############################################################
#  Generated by:      Cadence Innovus 21.35-s114_1
#  OS:                Linux x86_64(Host ID pc231.ee.hacettepe.edu.tr)
#  Generated on:      Wed Dec 24 15:01:30 2025
#  Design:            adc_subsystem_macro
#  Command:           verifyMetalDensity
###############################################################

Verify Density report created on Wed Dec 24 15:01:30 2025

###############################################################
# Layer       M1 - Window size      : 100.0um X 100.0um
# Layer       M1 - Window step      : 50.0um X 50.0um
# Layer       M1 - Min Density      : 20%
# Layer       M1 - Pref Density     : 35%
# Layer       M1 - Max Density      : 80%
# Layer       M1 - Ext Density      : 35%
# Layer       M2 - Window size      : 100.0um X 100.0um
# Layer       M2 - Window step      : 50.0um X 50.0um
# Layer       M2 - Min Density      : 20%
# Layer       M2 - Pref Density     : 35%
# Layer       M2 - Max Density      : 80%
# Layer       M2 - Ext Density      : 35%
# Layer       M3 - Window size      : 100.0um X 100.0um
# Layer       M3 - Window step      : 50.0um X 50.0um
# Layer       M3 - Min Density      : 20%
# Layer       M3 - Pref Density     : 35%
# Layer       M3 - Max Density      : 80%
# Layer       M3 - Ext Density      : 35%
# Layer       M4 - Window size      : 100.0um X 100.0um
# Layer       M4 - Window step      : 50.0um X 50.0um
# Layer       M4 - Min Density      : 20%
# Layer       M4 - Pref Density     : 35%
# Layer       M4 - Max Density      : 80%
# Layer       M4 - Ext Density      : 35%
# Layer       M5 - Window size      : 100.0um X 100.0um
# Layer       M5 - Window step      : 50.0um X 50.0um
# Layer       M5 - Min Density      : 20%
# Layer       M5 - Pref Density     : 35%
# Layer       M5 - Max Density      : 80%
# Layer       M5 - Ext Density      : 35%
###############################################################


    Layer    Density(%)          Window  
***************************************************

      M5        0.00    (0 0) (100 100)
      M5        0.00    (50 0) (150 100)
      M5        0.66    (100 0) (200 100)
      M5        3.14    (150 0) (250 100)
      M5        3.85    (200 0) (300 100)
      M5        1.78    (250 0) (350 100)
      M5        0.93    (300 0) (400 100)
      M5        1.64    (350 0) (450 100)
      M5        1.70    (400 0) (500 100)
      M5        0.71    (450 0) (550 100)
      M5        0.51    (476.48 0) (576.48 100)
      M5        0.49    (0 50) (100 150)
      M5        1.73    (50 50) (150 150)
      M5        3.64    (100 50) (200 150)
      M5        6.42    (150 50) (250 150)
      M5        6.65    (200 50) (300 150)
      M5        2.99    (250 50) (350 150)
      M5        1.20    (300 50) (400 150)
      M5        2.29    (350 50) (450 150)
      M5        2.55    (400 50) (500 150)
      M5        1.19    (450 50) (550 150)
      M5        0.56    (476.48 50) (576.48 150)
      M5        1.39    (0 100) (100 200)
      M5        2.43    (50 100) (150 200)
      M5        5.18    (100 100) (200 200)
      M5        6.78    (150 100) (250 200)
      M5        6.16    (200 100) (300 200)
      M5        3.65    (250 100) (350 200)
      M5        2.37    (300 100) (400 200)
      M5        3.25    (350 100) (450 200)
      M5        2.33    (400 100) (500 200)
      M5        0.59    (450 100) (550 200)
      M5        0.16    (476.48 100) (576.48 200)
      M5        4.66    (0 150) (100 250)
      M5        2.95    (50 150) (150 250)
      M5        3.65    (100 150) (200 250)
      M5        5.00    (150 150) (250 250)
      M5        4.16    (200 150) (300 250)
      M5        3.42    (250 150) (350 250)
      M5        4.53    (300 150) (400 250)
      M5        4.42    (350 150) (450 250)
      M5        2.64    (400 150) (500 250)
      M5        0.92    (450 150) (550 250)
      M5        0.23    (476.48 150) (576.48 250)
      M5       10.41    (0 200) (100 300)
      M5        8.01    (50 200) (150 300)
      M5        4.09    (100 200) (200 300)
      M5        2.83    (150 200) (250 300)
      M5        2.45    (200 200) (300 300)
      M5        2.12    (250 200) (350 300)
      M5        3.49    (300 200) (400 300)
      M5        3.55    (350 200) (450 300)
      M5        2.29    (400 200) (500 300)
      M5        0.83    (450 200) (550 300)
      M5        0.16    (476.48 200) (576.48 300)
      M5        8.80    (0 250) (100 350)
      M5        8.30    (50 250) (150 350)
      M5        5.08    (100 250) (200 350)
      M5        3.75    (150 250) (250 350)
      M5        3.81    (200 250) (300 350)
      M5        1.88    (250 250) (350 350)
      M5        1.19    (300 250) (400 350)
      M5        1.71    (350 250) (450 350)
      M5        1.17    (400 250) (500 350)
      M5        0.18    (450 250) (550 350)
      M5        0.04    (476.48 250) (576.48 350)
      M5        2.87    (0 300) (100 400)
      M5        3.39    (50 300) (150 400)
      M5        3.46    (100 300) (200 400)
      M5        4.28    (150 300) (250 400)
      M5        3.41    (200 300) (300 400)
      M5        2.34    (250 300) (350 400)
      M5        2.86    (300 300) (400 400)
      M5        3.49    (350 300) (450 400)
      M5        2.48    (400 300) (500 400)
      M5        0.48    (450 300) (550 400)
      M5        0.00    (476.48 300) (576.48 400)
      M5        0.71    (0 350) (100 450)
      M5        1.03    (50 350) (150 450)
      M5        1.19    (100 350) (200 450)
      M5        2.12    (150 350) (250 450)
      M5        1.69    (200 350) (300 450)
      M5        2.51    (250 350) (350 450)
      M5        3.53    (300 350) (400 450)
      M5        3.32    (350 350) (450 450)
      M5        2.18    (400 350) (500 450)
      M5        0.32    (450 350) (550 450)
      M5        0.00    (476.48 350) (576.48 450)
      M5        0.00    (0 400) (100 500)
      M5        0.71    (50 400) (150 500)
      M5        1.40    (100 400) (200 500)
      M5        1.48    (150 400) (250 500)
      M5        2.12    (200 400) (300 500)
      M5        3.04    (250 400) (350 500)
      M5        1.95    (300 400) (400 500)
      M5        0.42    (350 400) (450 500)
      M5        0.45    (400 400) (500 500)
      M5        0.27    (450 400) (550 500)
      M5        0.00    (476.48 400) (576.48 500)
      M5        0.00    (0 450) (100 550)
      M5        0.53    (50 450) (150 550)
      M5        1.21    (100 450) (200 550)
      M5        1.22    (150 450) (250 550)
      M5        2.01    (200 450) (300 550)
      M5        2.45    (250 450) (350 550)
      M5        1.05    (300 450) (400 550)
      M5        0.43    (350 450) (450 550)
      M5        0.62    (400 450) (500 550)
      M5        0.27    (450 450) (550 550)
      M5        0.00    (476.48 450) (576.48 550)
      M5        0.00    (0 466.84) (100 566.84)
      M5        0.53    (50 466.84) (150 566.84)
      M5        1.21    (100 466.84) (200 566.84)
      M5        1.22    (150 466.84) (250 566.84)
      M5        1.52    (200 466.84) (300 566.84)
      M5        0.99    (250 466.84) (350 566.84)
      M5        0.08    (300 466.84) (400 566.84)
      M5        0.41    (350 466.84) (450 566.84)
      M5        0.33    (400 466.84) (500 566.84)
      M5        0.00    (450 466.84) (550 566.84)
      M5        0.00    (476.48 466.84) (576.48 566.84)

      M4        0.02    (0 0) (100 100)
      M4        0.97    (50 0) (150 100)
      M4        3.27    (100 0) (200 100)
      M4        7.76    (150 0) (250 100)
      M4        9.16    (200 0) (300 100)
      M4        4.54    (250 0) (350 100)
      M4        1.32    (300 0) (400 100)
      M4        0.74    (350 0) (450 100)
      M4        0.51    (400 0) (500 100)
      M4        0.35    (450 0) (550 100)
      M4        0.18    (476.48 0) (576.48 100)
      M4        0.33    (0 50) (100 150)
      M4        1.27    (50 50) (150 150)
      M4        4.11    (100 50) (200 150)
      M4        8.82    (150 50) (250 150)
      M4        9.09    (200 50) (300 150)
      M4        4.63    (250 50) (350 150)
      M4        1.95    (300 50) (400 150)
      M4        0.99    (350 50) (450 150)
      M4        0.85    (400 50) (500 150)
      M4        0.66    (450 50) (550 150)
      M4        0.33    (476.48 50) (576.48 150)
      M4        0.82    (0 100) (100 200)
      M4        1.95    (50 100) (150 200)
      M4        3.01    (100 100) (200 200)
      M4        5.47    (150 100) (250 200)
      M4        6.89    (200 100) (300 200)
      M4        4.59    (250 100) (350 200)
      M4        2.24    (300 100) (400 200)
      M4        1.44    (350 100) (450 200)
      M4        1.19    (400 100) (500 200)
      M4        0.80    (450 100) (550 200)
      M4        0.48    (476.48 100) (576.48 200)
      M4        1.86    (0 150) (100 250)
      M4        2.70    (50 150) (150 250)
      M4        1.85    (100 150) (200 250)
      M4        2.44    (150 150) (250 250)
      M4        4.67    (200 150) (300 250)
      M4        4.08    (250 150) (350 250)
      M4        1.98    (300 150) (400 250)
      M4        1.66    (350 150) (450 250)
      M4        1.29    (400 150) (500 250)
      M4        0.74    (450 150) (550 250)
      M4        0.36    (476.48 150) (576.48 250)
      M4        2.51    (0 200) (100 300)
      M4        2.92    (50 200) (150 300)
      M4        1.54    (100 200) (200 300)
      M4        2.09    (150 200) (250 300)
      M4        4.34    (200 200) (300 300)
      M4        3.73    (250 200) (350 300)
      M4        1.42    (300 200) (400 300)
      M4        1.19    (350 200) (450 300)
      M4        0.94    (400 200) (500 300)
      M4        0.46    (450 200) (550 300)
      M4        0.12    (476.48 200) (576.48 300)
      M4        2.12    (0 250) (100 350)
      M4        2.75    (50 250) (150 350)
      M4        1.35    (100 250) (200 350)
      M4        1.93    (150 250) (250 350)
      M4        4.64    (200 250) (300 350)
      M4        3.99    (250 250) (350 350)
      M4        1.17    (300 250) (400 350)
      M4        0.71    (350 250) (450 350)
      M4        0.59    (400 250) (500 350)
      M4        0.29    (450 250) (550 350)
      M4        0.08    (476.48 250) (576.48 350)
      M4        1.40    (0 300) (100 400)
      M4        2.02    (50 300) (150 400)
      M4        1.32    (100 300) (200 400)
      M4        2.06    (150 300) (250 400)
      M4        4.12    (200 300) (300 400)
      M4        3.63    (250 300) (350 400)
      M4        1.25    (300 300) (400 400)
      M4        0.90    (350 300) (450 400)
      M4        0.68    (400 300) (500 400)
      M4        0.13    (450 300) (550 400)
      M4        0.00    (476.48 300) (576.48 400)
      M4        0.75    (0 350) (100 450)
      M4        1.34    (50 350) (150 450)
      M4        1.05    (100 350) (200 450)
      M4        1.65    (150 350) (250 450)
      M4        4.18    (200 350) (300 450)
      M4        3.80    (250 350) (350 450)
      M4        1.18    (300 350) (400 450)
      M4        1.09    (350 350) (450 450)
      M4        0.90    (400 350) (500 450)
      M4        0.17    (450 350) (550 450)
      M4        0.00    (476.48 350) (576.48 450)
      M4        0.58    (0 400) (100 500)
      M4        1.02    (50 400) (150 500)
      M4        0.64    (100 400) (200 500)
      M4        1.09    (150 400) (250 500)
      M4        4.78    (200 400) (300 500)
      M4        4.56    (250 400) (350 500)
      M4        0.95    (300 400) (400 500)
      M4        0.82    (350 400) (450 500)
      M4        0.68    (400 400) (500 500)
      M4        0.15    (450 400) (550 500)
      M4        0.00    (476.48 400) (576.48 500)
      M4        0.26    (0 450) (100 550)
      M4        0.40    (50 450) (150 550)
      M4        0.31    (100 450) (200 550)
      M4        0.89    (150 450) (250 550)
      M4        4.51    (200 450) (300 550)
      M4        4.24    (250 450) (350 550)
      M4        0.67    (300 450) (400 550)
      M4        0.60    (350 450) (450 550)
      M4        0.43    (400 450) (500 550)
      M4        0.05    (450 450) (550 550)
      M4        0.00    (476.48 450) (576.48 550)
      M4        0.11    (0 466.84) (100 566.84)
      M4        0.21    (50 466.84) (150 566.84)
      M4        0.22    (100 466.84) (200 566.84)
      M4        0.79    (150 466.84) (250 566.84)
      M4        4.42    (200 466.84) (300 566.84)
      M4        4.10    (250 466.84) (350 566.84)
      M4        0.48    (300 466.84) (400 566.84)
      M4        0.43    (350 466.84) (450 566.84)
      M4        0.30    (400 466.84) (500 566.84)
      M4        0.00    (450 466.84) (550 566.84)
      M4        0.00    (476.48 466.84) (576.48 566.84)

      M3        0.13    (0 0) (100 100)
      M3        2.31    (50 0) (150 100)
      M3        4.59    (100 0) (200 100)
      M3        6.10    (150 0) (250 100)
      M3        4.91    (200 0) (300 100)
      M3        2.27    (250 0) (350 100)
      M3        1.91    (300 0) (400 100)
      M3        1.26    (350 0) (450 100)
      M3        0.76    (400 0) (500 100)
      M3        0.44    (450 0) (550 100)
      M3        0.24    (476.48 0) (576.48 100)
      M3        0.68    (0 50) (100 150)
      M3        3.26    (50 50) (150 150)
      M3        6.11    (100 50) (200 150)
      M3        7.93    (150 50) (250 150)
      M3        5.76    (200 50) (300 150)
      M3        2.96    (250 50) (350 150)
      M3        3.01    (300 50) (400 150)
      M3        2.33    (350 50) (450 150)
      M3        1.99    (400 50) (500 150)
      M3        1.29    (450 50) (550 150)
      M3        0.72    (476.48 50) (576.48 150)
      M3        3.19    (0 100) (100 200)
      M3        4.16    (50 100) (150 200)
      M3        5.22    (100 100) (200 200)
      M3        6.73    (150 100) (250 200)
      M3        4.94    (200 100) (300 200)
      M3        2.75    (250 100) (350 200)
      M3        2.85    (300 100) (400 200)
      M3        2.66    (350 100) (450 200)
      M3        2.82    (400 100) (500 200)
      M3        2.10    (450 100) (550 200)
      M3        1.22    (476.48 100) (576.48 200)
      M3        6.00    (0 150) (100 250)
      M3        6.23    (50 150) (150 250)
      M3        6.57    (100 150) (200 250)
      M3        6.75    (150 150) (250 250)
      M3        5.47    (200 150) (300 250)
      M3        4.37    (250 150) (350 250)
      M3        3.76    (300 150) (400 250)
      M3        3.45    (350 150) (450 250)
      M3        3.45    (400 150) (500 250)
      M3        2.40    (450 150) (550 250)
      M3        1.54    (476.48 150) (576.48 250)
      M3        7.46    (0 200) (100 300)
      M3        7.37    (50 200) (150 300)
      M3        7.57    (100 200) (200 300)
      M3        6.40    (150 200) (250 300)
      M3        4.91    (200 200) (300 300)
      M3        4.90    (250 200) (350 300)
      M3        4.52    (300 200) (400 300)
      M3        3.88    (350 200) (450 300)
      M3        3.37    (400 200) (500 300)
      M3        2.33    (450 200) (550 300)
      M3        1.71    (476.48 200) (576.48 300)
      M3        5.88    (0 250) (100 350)
      M3        6.46    (50 250) (150 350)
      M3        6.50    (100 250) (200 350)
      M3        5.18    (150 250) (250 350)
      M3        3.76    (200 250) (300 350)
      M3        3.77    (250 250) (350 350)
      M3        3.87    (300 250) (400 350)
      M3        3.24    (350 250) (450 350)
      M3        2.34    (400 250) (500 350)
      M3        1.39    (450 250) (550 350)
      M3        0.90    (476.48 250) (576.48 350)
      M3        2.38    (0 300) (100 400)
      M3        4.15    (50 300) (150 400)
      M3        4.31    (100 300) (200 400)
      M3        3.43    (150 300) (250 400)
      M3        2.98    (200 300) (300 400)
      M3        3.09    (250 300) (350 400)
      M3        3.09    (300 300) (400 400)
      M3        2.75    (350 300) (450 400)
      M3        1.63    (400 300) (500 400)
      M3        0.35    (450 300) (550 400)
      M3        0.00    (476.48 300) (576.48 400)
      M3        1.19    (0 350) (100 450)
      M3        3.14    (50 350) (150 450)
      M3        3.25    (100 350) (200 450)
      M3        2.48    (150 350) (250 450)
      M3        2.47    (200 350) (300 450)
      M3        2.25    (250 350) (350 450)
      M3        2.26    (300 350) (400 450)
      M3        2.77    (350 350) (450 450)
      M3        1.90    (400 350) (500 450)
      M3        0.42    (450 350) (550 450)
      M3        0.00    (476.48 350) (576.48 450)
      M3        1.16    (0 400) (100 500)
      M3        2.89    (50 400) (150 500)
      M3        3.05    (100 400) (200 500)
      M3        2.58    (150 400) (250 500)
      M3        2.63    (200 400) (300 500)
      M3        2.03    (250 400) (350 500)
      M3        1.79    (300 400) (400 500)
      M3        2.61    (350 400) (450 500)
      M3        1.82    (400 400) (500 500)
      M3        0.34    (450 400) (550 500)
      M3        0.00    (476.48 400) (576.48 500)
      M3        0.65    (0 450) (100 550)
      M3        1.79    (50 450) (150 550)
      M3        2.30    (100 450) (200 550)
      M3        2.25    (150 450) (250 550)
      M3        2.41    (200 450) (300 550)
      M3        1.87    (250 450) (350 550)
      M3        1.38    (300 450) (400 550)
      M3        1.80    (350 450) (450 550)
      M3        1.08    (400 450) (500 550)
      M3        0.09    (450 450) (550 550)
      M3        0.00    (476.48 450) (576.48 550)
      M3        0.26    (0 466.84) (100 566.84)
      M3        0.96    (50 466.84) (150 566.84)
      M3        1.67    (100 466.84) (200 566.84)
      M3        1.89    (150 466.84) (250 566.84)
      M3        2.07    (200 466.84) (300 566.84)
      M3        1.51    (250 466.84) (350 566.84)
      M3        0.95    (300 466.84) (400 566.84)
      M3        1.39    (350 466.84) (450 566.84)
      M3        0.89    (400 466.84) (500 566.84)
      M3        0.08    (450 466.84) (550 566.84)
      M3        0.00    (476.48 466.84) (576.48 566.84)

      M2        0.37    (0 0) (100 100)
      M2        2.54    (50 0) (150 100)
      M2        5.81    (100 0) (200 100)
      M2        7.28    (150 0) (250 100)
      M2        6.94    (200 0) (300 100)
      M2        4.76    (250 0) (350 100)
      M2        2.94    (300 0) (400 100)
      M2        2.59    (350 0) (450 100)
      M2        1.94    (400 0) (500 100)
      M2        0.93    (450 0) (550 100)
      M2        0.44    (476.48 0) (576.48 100)
      M2        1.89    (0 50) (100 150)
      M2        4.84    (50 50) (150 150)
      M2        8.36    (100 50) (200 150)
      M2       10.25    (150 50) (250 150)
      M2        8.08    (200 50) (300 150)
      M2        5.69    (250 50) (350 150)
      M2        5.44    (300 50) (400 150)
      M2        5.20    (350 50) (450 150)
      M2        4.74    (400 50) (500 150)
      M2        2.88    (450 50) (550 150)
      M2        1.53    (476.48 50) (576.48 150)
      M2        3.32    (0 100) (100 200)
      M2        5.71    (50 100) (150 200)
      M2        7.18    (100 100) (200 200)
      M2        8.89    (150 100) (250 200)
      M2        7.31    (200 100) (300 200)
      M2        5.72    (250 100) (350 200)
      M2        5.53    (300 100) (400 200)
      M2        5.28    (350 100) (450 200)
      M2        5.79    (400 100) (500 200)
      M2        4.25    (450 100) (550 200)
      M2        2.51    (476.48 100) (576.48 200)
      M2        3.48    (0 150) (100 250)
      M2        6.06    (50 150) (150 250)
      M2        6.59    (100 150) (200 250)
      M2        6.84    (150 150) (250 250)
      M2        6.06    (200 150) (300 250)
      M2        5.74    (250 150) (350 250)
      M2        5.04    (300 150) (400 250)
      M2        4.95    (350 150) (450 250)
      M2        5.34    (400 150) (500 250)
      M2        3.33    (450 150) (550 250)
      M2        1.85    (476.48 150) (576.48 250)
      M2        3.19    (0 200) (100 300)
      M2        5.95    (50 200) (150 300)
      M2        6.31    (100 200) (200 300)
      M2        5.42    (150 200) (250 300)
      M2        5.05    (200 200) (300 300)
      M2        5.58    (250 200) (350 300)
      M2        4.56    (300 200) (400 300)
      M2        4.38    (350 200) (450 300)
      M2        4.08    (400 200) (500 300)
      M2        1.73    (450 200) (550 300)
      M2        0.66    (476.48 200) (576.48 300)
      M2        2.83    (0 250) (100 350)
      M2        5.40    (50 250) (150 350)
      M2        5.56    (100 250) (200 350)
      M2        5.12    (150 250) (250 350)
      M2        5.07    (200 250) (300 350)
      M2        5.67    (250 250) (350 350)
      M2        5.01    (300 250) (400 350)
      M2        4.61    (350 250) (450 350)
      M2        3.64    (400 250) (500 350)
      M2        1.22    (450 250) (550 350)
      M2        0.23    (476.48 250) (576.48 350)
      M2        2.36    (0 300) (100 400)
      M2        5.12    (50 300) (150 400)
      M2        5.42    (100 300) (200 400)
      M2        5.41    (150 300) (250 400)
      M2        5.72    (200 300) (300 400)
      M2        5.82    (250 300) (350 400)
      M2        5.30    (300 300) (400 400)
      M2        5.42    (350 300) (450 400)
      M2        4.12    (400 300) (500 400)
      M2        1.14    (450 300) (550 400)
      M2        0.00    (476.48 300) (576.48 400)
      M2        2.32    (0 350) (100 450)
      M2        5.43    (50 350) (150 450)
      M2        5.76    (100 350) (200 450)
      M2        5.46    (150 350) (250 450)
      M2        5.78    (200 350) (300 450)
      M2        5.36    (250 350) (350 450)
      M2        5.02    (300 350) (400 450)
      M2        5.81    (350 350) (450 450)
      M2        4.41    (400 350) (500 450)
      M2        1.21    (450 350) (550 450)
      M2        0.00    (476.48 350) (576.48 450)
      M2        2.53    (0 400) (100 500)
      M2        5.81    (50 400) (150 500)
      M2        6.21    (100 400) (200 500)
      M2        5.74    (150 400) (250 500)
      M2        5.61    (200 400) (300 500)
      M2        4.57    (250 400) (350 500)
      M2        4.74    (300 400) (400 500)
      M2        5.90    (350 400) (450 500)
      M2        3.82    (400 400) (500 500)
      M2        0.87    (450 400) (550 500)
      M2        0.00    (476.48 400) (576.48 500)
      M2        1.38    (0 450) (100 550)
      M2        3.27    (50 450) (150 550)
      M2        3.99    (100 450) (200 550)
      M2        4.11    (150 450) (250 550)
      M2        4.41    (200 450) (300 550)
      M2        3.47    (250 450) (350 550)
      M2        3.46    (300 450) (400 550)
      M2        4.33    (350 450) (450 550)
      M2        2.30    (400 450) (500 550)
      M2        0.35    (450 450) (550 550)
      M2        0.00    (476.48 450) (576.48 550)
      M2        0.87    (0 466.84) (100 566.84)
      M2        2.08    (50 466.84) (150 566.84)
      M2        2.84    (100 466.84) (200 566.84)
      M2        3.17    (150 466.84) (250 566.84)
      M2        3.75    (200 466.84) (300 566.84)
      M2        2.96    (250 466.84) (350 566.84)
      M2        2.58    (300 466.84) (400 566.84)
      M2        3.36    (350 466.84) (450 566.84)
      M2        1.75    (400 466.84) (500 566.84)
      M2        0.22    (450 466.84) (550 566.84)
      M2        0.00    (476.48 466.84) (576.48 566.84)

      M1        3.68    (0 0) (100 100)
      M1        8.80    (50 0) (150 100)
      M1       11.78    (100 0) (200 100)
      M1       12.60    (150 0) (250 100)
      M1       11.32    (200 0) (300 100)
      M1        9.77    (250 0) (350 100)
      M1        9.93    (300 0) (400 100)
      M1        9.80    (350 0) (450 100)
      M1        9.08    (400 0) (500 100)
      M1        6.47    (450 0) (550 100)
      M1        4.17    (476.48 0) (576.48 100)
      M1        8.01    (0 50) (100 150)
      M1       16.08    (50 50) (150 150)
      M1       19.07    (100 50) (200 150)
      M1       19.83    (150 50) (250 150)
      M1       18.18    (200 50) (300 150)
      M1       16.77    (250 50) (350 150)
      M1       17.36    (300 50) (400 150)
      M1       17.25    (350 50) (450 150)
      M1       16.66    (400 50) (500 150)
      M1       12.40    (450 50) (550 150)
      M1        8.00    (476.48 50) (576.48 150)
      M1       10.13    (0 100) (100 200)
      M1       17.72    (50 100) (150 200)
      M1       18.81    (100 100) (200 200)
      M1       19.06    (150 100) (250 200)
      M1       17.60    (200 100) (300 200)
      M1       17.15    (250 100) (350 200)
      M1       17.80    (300 100) (400 200)
      M1       17.70    (350 100) (450 200)
      M1       17.60    (400 100) (500 200)
      M1       13.75    (450 100) (550 200)
      M1        9.02    (476.48 100) (576.48 200)
      M1       10.35    (0 150) (100 250)
      M1       18.21    (50 150) (150 250)
      M1       18.87    (100 150) (200 250)
      M1       18.57    (150 150) (250 250)
      M1       17.17    (200 150) (300 250)
      M1       17.46    (250 150) (350 250)
      M1       18.00    (300 150) (400 250)
      M1       17.99    (350 150) (450 250)
      M1       17.62    (400 150) (500 250)
      M1       12.76    (450 150) (550 250)
      M1        8.08    (476.48 150) (576.48 250)
      M1       10.58    (0 200) (100 300)
      M1       18.60    (50 200) (150 300)
      M1       18.65    (100 200) (200 300)
      M1       17.59    (150 200) (250 300)
      M1       16.74    (200 200) (300 300)
      M1       17.45    (250 200) (350 300)
      M1       17.70    (300 200) (400 300)
      M1       17.54    (350 200) (450 300)
      M1       16.62    (400 200) (500 300)
      M1       11.16    (450 200) (550 300)
      M1        6.67    (476.48 200) (576.48 300)
      M1       10.40    (0 250) (100 350)
      M1       18.36    (50 250) (150 350)
      M1       17.85    (100 250) (200 350)
      M1       16.79    (150 250) (250 350)
      M1       16.47    (200 250) (300 350)
      M1       16.82    (250 250) (350 350)
      M1       17.31    (300 250) (400 350)
      M1       17.24    (350 250) (450 350)
      M1       15.23    (400 250) (500 350)
      M1       10.09    (450 250) (550 350)
      M1        6.01    (476.48 250) (576.48 350)
      M1        9.57    (0 300) (100 400)
      M1       17.50    (50 300) (150 400)
      M1       17.46    (100 300) (200 400)
      M1       17.29    (150 300) (250 400)
      M1       17.01    (200 300) (300 400)
      M1       16.94    (250 300) (350 400)
      M1       17.83    (300 300) (400 400)
      M1       18.18    (350 300) (450 400)
      M1       15.20    (400 300) (500 400)
      M1        9.53    (450 300) (550 400)
      M1        5.51    (476.48 300) (576.48 400)
      M1        9.56    (0 350) (100 450)
      M1       17.81    (50 350) (150 450)
      M1       17.77    (100 350) (200 450)
      M1       17.36    (150 350) (250 450)
      M1       17.33    (200 350) (300 450)
      M1       17.11    (250 350) (350 450)
      M1       18.08    (300 350) (400 450)
      M1       18.94    (350 350) (450 450)
      M1       15.80    (400 350) (500 450)
      M1        9.71    (450 350) (550 450)
      M1        5.46    (476.48 350) (576.48 450)
      M1        9.74    (0 400) (100 500)
      M1       18.28    (50 400) (150 500)
      M1       18.37    (100 400) (200 500)
      M1       17.63    (150 400) (250 500)
      M1       17.34    (200 400) (300 500)
      M1       16.10    (250 400) (350 500)
      M1       16.89    (300 400) (400 500)
      M1       18.31    (350 400) (450 500)
      M1       14.89    (400 400) (500 500)
      M1        9.27    (450 400) (550 500)
      M1        5.51    (476.48 400) (576.48 500)
      M1        6.53    (0 450) (100 550)
      M1       12.36    (50 450) (150 550)
      M1       13.31    (100 450) (200 550)
      M1       13.28    (150 450) (250 550)
      M1       12.91    (200 450) (300 550)
      M1       11.49    (250 450) (350 550)
      M1       11.89    (300 450) (400 550)
      M1       13.21    (350 450) (450 550)
      M1       10.51    (400 450) (500 550)
      M1        6.60    (450 450) (550 550)
      M1        4.18    (476.48 450) (576.48 550)
      M1        4.77    (0 466.84) (100 566.84)
      M1        9.09    (50 466.84) (150 566.84)
      M1       10.12    (100 466.84) (200 566.84)
      M1       10.19    (150 466.84) (250 566.84)
      M1        9.85    (200 466.84) (300 566.84)
      M1        8.70    (250 466.84) (350 566.84)
      M1        8.98    (300 466.84) (400 566.84)
      M1       10.09    (350 466.84) (450 566.84)
      M1        7.97    (400 466.84) (500 566.84)
      M1        4.93    (450 466.84) (550 566.84)
      M1        3.11    (476.48 466.84) (576.48 566.84)


A total of 605 density violation(s).
Windows < Min. Density = 605
Windows > Max. Density = 0
Windows < Min. Union. Density = 0
Windows > Max. Union. Density = 0
