###############################################################
#  Generated by:      Cadence Innovus 21.35-s114_1
#  OS:                Linux x86_64(Host ID pc231.ee.hacettepe.edu.tr)
#  Generated on:      Wed Dec 24 14:07:45 2025
#  Design:            communication_macro
#  Command:           verifyMetalDensity
###############################################################

Verify Density report created on Wed Dec 24 14:07:45 2025

###############################################################
# Layer       M1 - Window size      : 100.0um X 100.0um
# Layer       M1 - Window step      : 50.0um X 50.0um
# Layer       M1 - Min Density      : 20%
# Layer       M1 - Pref Density     : 35%
# Layer       M1 - Max Density      : 80%
# Layer       M1 - Ext Density      : 35%
# Layer       M2 - Window size      : 100.0um X 100.0um
# Layer       M2 - Window step      : 50.0um X 50.0um
# Layer       M2 - Min Density      : 20%
# Layer       M2 - Pref Density     : 35%
# Layer       M2 - Max Density      : 80%
# Layer       M2 - Ext Density      : 35%
# Layer       M3 - Window size      : 100.0um X 100.0um
# Layer       M3 - Window step      : 50.0um X 50.0um
# Layer       M3 - Min Density      : 20%
# Layer       M3 - Pref Density     : 35%
# Layer       M3 - Max Density      : 80%
# Layer       M3 - Ext Density      : 35%
# Layer       M4 - Window size      : 100.0um X 100.0um
# Layer       M4 - Window step      : 50.0um X 50.0um
# Layer       M4 - Min Density      : 20%
# Layer       M4 - Pref Density     : 35%
# Layer       M4 - Max Density      : 80%
# Layer       M4 - Ext Density      : 35%
# Layer       M5 - Window size      : 100.0um X 100.0um
# Layer       M5 - Window step      : 50.0um X 50.0um
# Layer       M5 - Min Density      : 20%
# Layer       M5 - Pref Density     : 35%
# Layer       M5 - Max Density      : 80%
# Layer       M5 - Ext Density      : 35%
###############################################################


    Layer    Density(%)          Window  
***************************************************

      M5        1.25    (0 0) (100 100)
      M5        2.32    (50 0) (150 100)
      M5        1.69    (100 0) (200 100)
      M5        1.07    (150 0) (250 100)
      M5        0.92    (200 0) (300 100)
      M5        0.40    (250 0) (350 100)
      M5        0.00    (281.12 0) (381.12 100)
      M5        2.79    (0 50) (100 150)
      M5        5.64    (50 50) (150 150)
      M5        3.94    (100 50) (200 150)
      M5        1.72    (150 50) (250 150)
      M5        1.77    (200 50) (300 150)
      M5        1.15    (250 50) (350 150)
      M5        0.32    (281.12 50) (381.12 150)
      M5        5.53    (0 100) (100 200)
      M5        7.36    (50 100) (150 200)
      M5        5.32    (100 100) (200 200)
      M5        3.15    (150 100) (250 200)
      M5        4.49    (200 100) (300 200)
      M5        3.89    (250 100) (350 200)
      M5        2.25    (281.12 100) (381.12 200)
      M5        6.62    (0 150) (100 250)
      M5        6.31    (50 150) (150 250)
      M5        4.59    (100 150) (200 250)
      M5        4.74    (150 150) (250 250)
      M5        6.74    (200 150) (300 250)
      M5        6.12    (250 150) (350 250)
      M5        3.98    (281.12 150) (381.12 250)
      M5        3.44    (0 200) (100 300)
      M5        4.50    (50 200) (150 300)
      M5        4.40    (100 200) (200 300)
      M5        5.31    (150 200) (250 300)
      M5        5.10    (200 200) (300 300)
      M5        3.35    (250 200) (350 300)
      M5        2.05    (281.12 200) (381.12 300)
      M5        0.99    (0 250) (100 350)
      M5        2.92    (50 250) (150 350)
      M5        4.38    (100 250) (200 350)
      M5        4.92    (150 250) (250 350)
      M5        3.89    (200 250) (300 350)
      M5        1.46    (250 250) (350 350)
      M5        0.35    (281.12 250) (381.12 350)
      M5        0.18    (0 280.36) (100 380.36)
      M5        0.69    (50 280.36) (150 380.36)
      M5        1.90    (100 280.36) (200 380.36)
      M5        3.08    (150 280.36) (250 380.36)
      M5        2.93    (200 280.36) (300 380.36)
      M5        1.30    (250 280.36) (350 380.36)
      M5        0.35    (281.12 280.36) (381.12 380.36)

      M4        0.85    (0 0) (100 100)
      M4        3.61    (50 0) (150 100)
      M4        5.05    (100 0) (200 100)
      M4        2.63    (150 0) (250 100)
      M4        0.81    (200 0) (300 100)
      M4        0.38    (250 0) (350 100)
      M4        0.13    (281.12 0) (381.12 100)
      M4        2.54    (0 50) (100 150)
      M4        5.09    (50 50) (150 150)
      M4        5.03    (100 50) (200 150)
      M4        3.25    (150 50) (250 150)
      M4        2.36    (200 50) (300 150)
      M4        1.42    (250 50) (350 150)
      M4        0.63    (281.12 50) (381.12 150)
      M4        3.27    (0 100) (100 200)
      M4        4.48    (50 100) (150 200)
      M4        3.12    (100 100) (200 200)
      M4        2.51    (150 100) (250 200)
      M4        2.57    (200 100) (300 200)
      M4        2.03    (250 100) (350 200)
      M4        1.01    (281.12 100) (381.12 200)
      M4        2.36    (0 150) (100 250)
      M4        3.28    (50 150) (150 250)
      M4        2.24    (100 150) (200 250)
      M4        1.86    (150 150) (250 250)
      M4        2.22    (200 150) (300 250)
      M4        2.20    (250 150) (350 250)
      M4        1.20    (281.12 150) (381.12 250)
      M4        1.34    (0 200) (100 300)
      M4        3.14    (50 200) (150 300)
      M4        3.43    (100 200) (200 300)
      M4        2.38    (150 200) (250 300)
      M4        2.52    (200 200) (300 300)
      M4        2.34    (250 200) (350 300)
      M4        1.32    (281.12 200) (381.12 300)
      M4        0.68    (0 250) (100 350)
      M4        2.95    (50 250) (150 350)
      M4        4.28    (100 250) (200 350)
      M4        2.46    (150 250) (250 350)
      M4        2.06    (200 250) (300 350)
      M4        1.86    (250 250) (350 350)
      M4        0.79    (281.12 250) (381.12 350)
      M4        0.42    (0 280.36) (100 380.36)
      M4        2.37    (50 280.36) (150 380.36)
      M4        3.85    (100 280.36) (200 380.36)
      M4        2.23    (150 280.36) (250 380.36)
      M4        1.47    (200 280.36) (300 380.36)
      M4        1.23    (250 280.36) (350 380.36)
      M4        0.38    (281.12 280.36) (381.12 380.36)

      M3        2.48    (0 0) (100 100)
      M3        5.63    (50 0) (150 100)
      M3        6.98    (100 0) (200 100)
      M3        6.08    (150 0) (250 100)
      M3        4.70    (200 0) (300 100)
      M3        2.29    (250 0) (350 100)
      M3        1.04    (281.12 0) (381.12 100)
      M3        5.85    (0 50) (100 150)
      M3        9.42    (50 50) (150 150)
      M3        9.19    (100 50) (200 150)
      M3        8.85    (150 50) (250 150)
      M3        9.04    (200 50) (300 150)
      M3        5.27    (250 50) (350 150)
      M3        2.72    (281.12 50) (381.12 150)
      M3        7.35    (0 100) (100 200)
      M3        8.90    (50 100) (150 200)
      M3        7.46    (100 100) (200 200)
      M3        7.52    (150 100) (250 200)
      M3        9.18    (200 100) (300 200)
      M3        6.22    (250 100) (350 200)
      M3        3.80    (281.12 100) (381.12 200)
      M3        6.44    (0 150) (100 250)
      M3        7.69    (50 150) (150 250)
      M3        8.11    (100 150) (200 250)
      M3        7.71    (150 150) (250 250)
      M3        8.20    (200 150) (300 250)
      M3        6.62    (250 150) (350 250)
      M3        4.75    (281.12 150) (381.12 250)
      M3        4.12    (0 200) (100 300)
      M3        6.82    (50 200) (150 300)
      M3        7.98    (100 200) (200 300)
      M3        7.79    (150 200) (250 300)
      M3        7.93    (200 200) (300 300)
      M3        6.17    (250 200) (350 300)
      M3        4.06    (281.12 200) (381.12 300)
      M3        2.21    (0 250) (100 350)
      M3        5.33    (50 250) (150 350)
      M3        6.74    (100 250) (200 350)
      M3        7.44    (150 250) (250 350)
      M3        7.36    (200 250) (300 350)
      M3        4.36    (250 250) (350 350)
      M3        2.20    (281.12 250) (381.12 350)
      M3        1.41    (0 280.36) (100 380.36)
      M3        3.58    (50 280.36) (150 380.36)
      M3        4.62    (100 280.36) (200 380.36)
      M3        5.30    (150 280.36) (250 380.36)
      M3        5.18    (200 280.36) (300 380.36)
      M3        2.92    (250 280.36) (350 380.36)
      M3        1.51    (281.12 280.36) (381.12 380.36)

      M2        3.40    (0 0) (100 100)
      M2        6.46    (50 0) (150 100)
      M2        7.60    (100 0) (200 100)
      M2        6.23    (150 0) (250 100)
      M2        4.39    (200 0) (300 100)
      M2        2.70    (250 0) (350 100)
      M2        1.40    (281.12 0) (381.12 100)
      M2        5.80    (0 50) (100 150)
      M2        9.87    (50 50) (150 150)
      M2        9.54    (100 50) (200 150)
      M2        8.38    (150 50) (250 150)
      M2        8.36    (200 50) (300 150)
      M2        5.71    (250 50) (350 150)
      M2        2.96    (281.12 50) (381.12 150)
      M2        5.79    (0 100) (100 200)
      M2        9.63    (50 100) (150 200)
      M2        8.96    (100 100) (200 200)
      M2        8.41    (150 100) (250 200)
      M2        9.10    (200 100) (300 200)
      M2        6.74    (250 100) (350 200)
      M2        3.55    (281.12 100) (381.12 200)
      M2        4.96    (0 150) (100 250)
      M2        9.02    (50 150) (150 250)
      M2        9.17    (100 150) (200 250)
      M2        8.62    (150 150) (250 250)
      M2        9.41    (200 150) (300 250)
      M2        7.64    (250 150) (350 250)
      M2        4.34    (281.12 150) (381.12 250)
      M2        4.12    (0 200) (100 300)
      M2        8.46    (50 200) (150 300)
      M2        9.31    (100 200) (200 300)
      M2        8.96    (150 200) (250 300)
      M2        9.58    (200 200) (300 300)
      M2        7.98    (250 200) (350 300)
      M2        4.85    (281.12 200) (381.12 300)
      M2        2.87    (0 250) (100 350)
      M2        7.10    (50 250) (150 350)
      M2        8.67    (100 250) (200 350)
      M2        8.45    (150 250) (250 350)
      M2        8.28    (200 250) (300 350)
      M2        6.09    (250 250) (350 350)
      M2        3.64    (281.12 250) (381.12 350)
      M2        1.83    (0 280.36) (100 380.36)
      M2        5.30    (50 280.36) (150 380.36)
      M2        7.05    (100 280.36) (200 380.36)
      M2        6.19    (150 280.36) (250 380.36)
      M2        5.41    (200 280.36) (300 380.36)
      M2        3.85    (250 280.36) (350 380.36)
      M2        2.26    (281.12 280.36) (381.12 380.36)

      M1        7.37    (0 0) (100 100)
      M1       13.45    (50 0) (150 100)
      M1       13.92    (100 0) (200 100)
      M1       12.53    (150 0) (250 100)
      M1       11.03    (200 0) (300 100)
      M1        8.35    (250 0) (350 100)
      M1        4.83    (281.12 0) (381.12 100)
      M1       11.97    (0 50) (100 150)
      M1       19.90    (100 50) (200 150)
      M1       19.29    (150 50) (250 150)
      M1       19.18    (200 50) (300 150)
      M1       15.13    (250 50) (350 150)
      M1        9.07    (281.12 50) (381.12 150)
      M1       12.60    (0 100) (100 200)
      M1       19.87    (100 100) (200 200)
      M1       19.56    (150 100) (250 200)
      M1       16.74    (250 100) (350 200)
      M1       10.48    (281.12 100) (381.12 200)
      M1       11.78    (0 150) (100 250)
      M1       17.67    (250 150) (350 250)
      M1       11.38    (281.12 150) (381.12 250)
      M1       10.71    (0 200) (100 300)
      M1       19.47    (50 200) (150 300)
      M1       19.84    (200 200) (300 300)
      M1       16.89    (250 200) (350 300)
      M1       10.76    (281.12 200) (381.12 300)
      M1        9.07    (0 250) (100 350)
      M1       17.11    (50 250) (150 350)
      M1       17.82    (100 250) (200 350)
      M1       17.59    (150 250) (250 350)
      M1       17.25    (200 250) (300 350)
      M1       13.82    (250 250) (350 350)
      M1        8.67    (281.12 250) (381.12 350)
      M1        5.79    (0 280.36) (100 380.36)
      M1       11.05    (50 280.36) (150 380.36)
      M1       11.45    (100 280.36) (200 380.36)
      M1       11.52    (150 280.36) (250 380.36)
      M1       11.52    (200 280.36) (300 380.36)
      M1        9.07    (250 280.36) (350 380.36)
      M1        5.75    (281.12 280.36) (381.12 380.36)


A total of 236 density violation(s).
Windows < Min. Density = 236
Windows > Max. Density = 0
Windows < Min. Union. Density = 0
Windows > Max. Union. Density = 0
