###############################################################
#  Generated by:      Cadence Innovus 21.35-s114_1
#  OS:                Linux x86_64(Host ID pc231.ee.hacettepe.edu.tr)
#  Generated on:      Wed Dec 24 13:46:44 2025
#  Design:            core_macro
#  Command:           verifyMetalDensity
###############################################################

Verify Density report created on Wed Dec 24 13:46:44 2025

###############################################################
# Layer       M1 - Window size      : 100.0um X 100.0um
# Layer       M1 - Window step      : 50.0um X 50.0um
# Layer       M1 - Min Density      : 20%
# Layer       M1 - Pref Density     : 35%
# Layer       M1 - Max Density      : 80%
# Layer       M1 - Ext Density      : 35%
# Layer       M2 - Window size      : 100.0um X 100.0um
# Layer       M2 - Window step      : 50.0um X 50.0um
# Layer       M2 - Min Density      : 20%
# Layer       M2 - Pref Density     : 35%
# Layer       M2 - Max Density      : 80%
# Layer       M2 - Ext Density      : 35%
# Layer       M3 - Window size      : 100.0um X 100.0um
# Layer       M3 - Window step      : 50.0um X 50.0um
# Layer       M3 - Min Density      : 20%
# Layer       M3 - Pref Density     : 35%
# Layer       M3 - Max Density      : 80%
# Layer       M3 - Ext Density      : 35%
# Layer       M4 - Window size      : 100.0um X 100.0um
# Layer       M4 - Window step      : 50.0um X 50.0um
# Layer       M4 - Min Density      : 20%
# Layer       M4 - Pref Density     : 35%
# Layer       M4 - Max Density      : 80%
# Layer       M4 - Ext Density      : 35%
# Layer       M5 - Window size      : 100.0um X 100.0um
# Layer       M5 - Window step      : 50.0um X 50.0um
# Layer       M5 - Min Density      : 20%
# Layer       M5 - Pref Density     : 35%
# Layer       M5 - Max Density      : 80%
# Layer       M5 - Ext Density      : 35%
###############################################################


    Layer    Density(%)          Window  
***************************************************

      M5        1.30    (0 0) (100 100)
      M5        3.45    (50 0) (150 100)
      M5        5.36    (100 0) (200 100)
      M5        7.33    (150 0) (250 100)
      M5        9.41    (200 0) (300 100)
      M5       10.69    (250 0) (350 100)
      M5        8.99    (300 0) (400 100)
      M5        6.15    (350 0) (450 100)
      M5        5.04    (400 0) (500 100)
      M5        3.21    (450 0) (550 100)
      M5        1.48    (500 0) (600 100)
      M5        0.75    (550 0) (650 100)
      M5        0.69    (553.76 0) (653.76 100)
      M5        4.36    (0 50) (100 150)
      M5        9.12    (50 50) (150 150)
      M5       11.06    (100 50) (200 150)
      M5       13.34    (150 50) (250 150)
      M5       14.45    (200 50) (300 150)
      M5       15.13    (250 50) (350 150)
      M5       14.73    (300 50) (400 150)
      M5       13.05    (350 50) (450 150)
      M5       10.22    (400 50) (500 150)
      M5        5.67    (450 50) (550 150)
      M5        2.86    (500 50) (600 150)
      M5        1.68    (550 50) (650 150)
      M5        1.69    (553.76 50) (653.76 150)
      M5        4.70    (0 100) (100 200)
      M5        9.42    (50 100) (150 200)
      M5       10.66    (100 100) (200 200)
      M5       13.38    (150 100) (250 200)
      M5       12.10    (200 100) (300 200)
      M5        9.89    (250 100) (350 200)
      M5       11.26    (300 100) (400 200)
      M5       12.35    (350 100) (450 200)
      M5       10.34    (400 100) (500 200)
      M5        5.94    (450 100) (550 200)
      M5        3.90    (500 100) (600 200)
      M5        6.44    (550 100) (650 200)
      M5        6.83    (553.76 100) (653.76 200)
      M5        2.69    (0 150) (100 250)
      M5        7.61    (50 150) (150 250)
      M5       11.96    (100 150) (200 250)
      M5       16.01    (150 150) (250 250)
      M5       16.19    (200 150) (300 250)
      M5       14.29    (250 150) (350 250)
      M5       13.98    (300 150) (400 250)
      M5       12.24    (350 150) (450 250)
      M5       11.37    (400 150) (500 250)
      M5       11.17    (450 150) (550 250)
      M5        9.88    (500 150) (600 250)
      M5       13.53    (550 150) (650 250)
      M5       13.91    (553.76 150) (653.76 250)
      M5        2.95    (0 200) (100 300)
      M5        9.25    (50 200) (150 300)
      M5       15.91    (100 200) (200 300)
      M5       18.89    (150 200) (250 300)
      M5       17.82    (200 200) (300 300)
      M5       15.97    (250 200) (350 300)
      M5       16.82    (300 200) (400 300)
      M5       15.20    (350 200) (450 300)
      M5       14.91    (400 200) (500 300)
      M5       17.85    (450 200) (550 300)
      M5       16.73    (500 200) (600 300)
      M5       15.39    (550 200) (650 300)
      M5       15.30    (553.76 200) (653.76 300)
      M5        8.16    (0 250) (100 350)
      M5       15.97    (50 250) (150 350)
      M5       17.75    (200 250) (300 350)
      M5       15.02    (250 250) (350 350)
      M5       17.67    (300 250) (400 350)
      M5       18.82    (350 250) (450 350)
      M5       19.76    (400 250) (500 350)
      M5       15.18    (550 250) (650 350)
      M5       14.91    (553.76 250) (653.76 350)
      M5        9.93    (0 300) (100 400)
      M5       19.28    (50 300) (150 400)
      M5       17.10    (200 300) (300 400)
      M5       15.89    (250 300) (350 400)
      M5       17.38    (300 300) (400 400)
      M5       19.46    (350 300) (450 400)
      M5       14.99    (550 300) (650 400)
      M5       14.62    (553.76 300) (653.76 400)
      M5        4.97    (0 350) (100 450)
      M5       14.31    (50 350) (150 450)
      M5       19.64    (100 350) (200 450)
      M5       18.45    (150 350) (250 450)
      M5       17.78    (200 350) (300 450)
      M5       18.04    (250 350) (350 450)
      M5       18.66    (300 350) (400 450)
      M5       19.83    (400 350) (500 450)
      M5       18.15    (450 350) (550 450)
      M5       14.66    (500 350) (600 450)
      M5        9.63    (550 350) (650 450)
      M5        9.33    (553.76 350) (653.76 450)
      M5        1.30    (0 400) (100 500)
      M5        7.63    (50 400) (150 500)
      M5       14.50    (100 400) (200 500)
      M5       16.11    (150 400) (250 500)
      M5       16.08    (200 400) (300 500)
      M5       15.28    (250 400) (350 500)
      M5       16.81    (300 400) (400 500)
      M5       19.56    (350 400) (450 500)
      M5       16.12    (400 400) (500 500)
      M5       12.88    (450 400) (550 500)
      M5       10.32    (500 400) (600 500)
      M5        5.14    (550 400) (650 500)
      M5        4.77    (553.76 400) (653.76 500)
      M5        0.00    (0 450) (100 550)
      M5        2.74    (50 450) (150 550)
      M5        9.01    (100 450) (200 550)
      M5       12.69    (150 450) (250 550)
      M5       11.52    (200 450) (300 550)
      M5        9.63    (250 450) (350 550)
      M5       12.51    (300 450) (400 550)
      M5       14.64    (350 450) (450 550)
      M5       11.03    (400 450) (500 550)
      M5       10.55    (450 450) (550 550)
      M5       12.00    (500 450) (600 550)
      M5        6.21    (550 450) (650 550)
      M5        5.67    (553.76 450) (653.76 550)
      M5        0.00    (0 500) (100 600)
      M5        1.00    (50 500) (150 600)
      M5        4.58    (100 500) (200 600)
      M5        8.00    (150 500) (250 600)
      M5        8.72    (200 500) (300 600)
      M5        8.78    (250 500) (350 600)
      M5       11.01    (300 500) (400 600)
      M5       11.81    (350 500) (450 600)
      M5        8.48    (400 500) (500 600)
      M5        9.83    (450 500) (550 600)
      M5       12.00    (500 500) (600 600)
      M5        5.67    (550 500) (650 600)
      M5        5.14    (553.76 500) (653.76 600)
      M5        0.00    (0 546.76) (100 646.76)
      M5        0.26    (50 546.76) (150 646.76)
      M5        1.81    (100 546.76) (200 646.76)
      M5        3.56    (150 546.76) (250 646.76)
      M5        5.37    (200 546.76) (300 646.76)
      M5        6.01    (250 546.76) (350 646.76)
      M5        5.67    (300 546.76) (400 646.76)
      M5        6.37    (350 546.76) (450 646.76)
      M5        4.77    (400 546.76) (500 646.76)
      M5        4.86    (450 546.76) (550 646.76)
      M5        6.17    (500 546.76) (600 646.76)
      M5        2.72    (550 546.76) (650 646.76)
      M5        2.37    (553.76 546.76) (653.76 646.76)

      M4        0.80    (0 0) (100 100)
      M4        2.24    (50 0) (150 100)
      M4        2.80    (100 0) (200 100)
      M4        2.81    (150 0) (250 100)
      M4        4.15    (200 0) (300 100)
      M4        5.20    (250 0) (350 100)
      M4        7.17    (300 0) (400 100)
      M4        6.81    (350 0) (450 100)
      M4        4.55    (400 0) (500 100)
      M4        3.90    (450 0) (550 100)
      M4        1.50    (500 0) (600 100)
      M4        0.02    (550 0) (650 100)
      M4        0.02    (553.76 0) (653.76 100)
      M4        2.70    (0 50) (100 150)
      M4        6.19    (50 50) (150 150)
      M4        7.62    (100 50) (200 150)
      M4        9.25    (150 50) (250 150)
      M4       11.70    (200 50) (300 150)
      M4       11.46    (250 50) (350 150)
      M4       12.77    (300 50) (400 150)
      M4       12.66    (350 50) (450 150)
      M4        8.09    (400 50) (500 150)
      M4        6.16    (450 50) (550 150)
      M4        3.24    (500 50) (600 150)
      M4        0.42    (550 50) (650 150)
      M4        0.56    (553.76 50) (653.76 150)
      M4        4.58    (0 100) (100 200)
      M4       10.65    (50 100) (150 200)
      M4       11.56    (100 100) (200 200)
      M4       13.18    (150 100) (250 200)
      M4       16.02    (200 100) (300 200)
      M4       13.64    (250 100) (350 200)
      M4       13.68    (300 100) (400 200)
      M4       13.83    (350 100) (450 200)
      M4        9.46    (400 100) (500 200)
      M4        6.36    (450 100) (550 200)
      M4        3.95    (500 100) (600 200)
      M4        1.93    (550 100) (650 200)
      M4        2.16    (553.76 100) (653.76 200)
      M4        4.88    (0 150) (100 250)
      M4       12.35    (50 150) (150 250)
      M4       13.11    (100 150) (200 250)
      M4       12.75    (150 150) (250 250)
      M4       15.88    (200 150) (300 250)
      M4       14.04    (250 150) (350 250)
      M4       13.42    (300 150) (400 250)
      M4       14.26    (350 150) (450 250)
      M4        9.83    (400 150) (500 250)
      M4        6.69    (450 150) (550 250)
      M4        4.95    (500 150) (600 250)
      M4        2.70    (550 150) (650 250)
      M4        2.80    (553.76 150) (653.76 250)
      M4        4.74    (0 200) (100 300)
      M4       11.62    (50 200) (150 300)
      M4       13.81    (100 200) (200 300)
      M4       13.27    (150 200) (250 300)
      M4       15.55    (200 200) (300 300)
      M4       16.03    (250 200) (350 300)
      M4       15.66    (300 200) (400 300)
      M4       16.77    (350 200) (450 300)
      M4       13.94    (400 200) (500 300)
      M4       11.28    (450 200) (550 300)
      M4        7.48    (500 200) (600 300)
      M4        2.74    (550 200) (650 300)
      M4        2.64    (553.76 200) (653.76 300)
      M4        5.39    (0 250) (100 350)
      M4       10.89    (50 250) (150 350)
      M4       12.90    (100 250) (200 350)
      M4       13.71    (150 250) (250 350)
      M4       15.83    (200 250) (300 350)
      M4       17.39    (250 250) (350 350)
      M4       16.71    (300 250) (400 350)
      M4       17.80    (350 250) (450 350)
      M4       16.64    (400 250) (500 350)
      M4       14.13    (450 250) (550 350)
      M4       10.64    (500 250) (600 350)
      M4        4.07    (550 250) (650 350)
      M4        3.74    (553.76 250) (653.76 350)
      M4        4.94    (0 300) (100 400)
      M4        8.77    (50 300) (150 400)
      M4       10.06    (100 300) (200 400)
      M4       12.02    (150 300) (250 400)
      M4       15.56    (200 300) (300 400)
      M4       17.32    (250 300) (350 400)
      M4       15.58    (300 300) (400 400)
      M4       16.89    (350 300) (450 400)
      M4       14.45    (400 300) (500 400)
      M4       11.99    (450 300) (550 400)
      M4       11.46    (500 300) (600 400)
      M4        4.99    (550 300) (650 400)
      M4        4.57    (553.76 300) (653.76 400)
      M4        2.58    (0 350) (100 450)
      M4        4.90    (50 350) (150 450)
      M4        6.06    (100 350) (200 450)
      M4        8.09    (150 350) (250 450)
      M4       13.50    (200 350) (300 450)
      M4       16.40    (250 350) (350 450)
      M4       15.16    (300 350) (400 450)
      M4       15.15    (350 350) (450 450)
      M4        9.99    (400 350) (500 450)
      M4        8.05    (450 350) (550 450)
      M4        9.15    (500 350) (600 450)
      M4        4.18    (550 350) (650 450)
      M4        3.95    (553.76 350) (653.76 450)
      M4        0.68    (0 400) (100 500)
      M4        2.34    (50 400) (150 500)
      M4        3.67    (100 400) (200 500)
      M4        5.67    (150 400) (250 500)
      M4       11.62    (200 400) (300 500)
      M4       15.37    (250 400) (350 500)
      M4       16.44    (300 400) (400 500)
      M4       15.03    (350 400) (450 500)
      M4        7.33    (400 400) (500 500)
      M4        4.99    (450 400) (550 500)
      M4        6.73    (500 400) (600 500)
      M4        3.37    (550 400) (650 500)
      M4        3.29    (553.76 400) (653.76 500)
      M4        0.22    (0 450) (100 550)
      M4        3.35    (50 450) (150 550)
      M4        5.51    (100 450) (200 550)
      M4        7.10    (150 450) (250 550)
      M4       12.20    (200 450) (300 550)
      M4       15.01    (250 450) (350 550)
      M4       18.03    (300 450) (400 550)
      M4       16.50    (350 450) (450 550)
      M4        7.16    (400 450) (500 550)
      M4        4.88    (450 450) (550 550)
      M4        7.56    (500 450) (600 550)
      M4        4.31    (550 450) (650 550)
      M4        4.09    (553.76 450) (653.76 550)
      M4        0.12    (0 500) (100 600)
      M4        4.55    (50 500) (150 600)
      M4        6.68    (100 500) (200 600)
      M4        6.63    (150 500) (250 600)
      M4       11.43    (200 500) (300 600)
      M4       12.99    (250 500) (350 600)
      M4       16.16    (300 500) (400 600)
      M4       16.24    (350 500) (450 600)
      M4        7.53    (400 500) (500 600)
      M4        5.51    (450 500) (550 600)
      M4        7.53    (500 500) (600 600)
      M4        4.06    (550 500) (650 600)
      M4        3.82    (553.76 500) (653.76 600)
      M4        0.04    (0 546.76) (100 646.76)
      M4        2.58    (50 546.76) (150 646.76)
      M4        3.55    (100 546.76) (200 646.76)
      M4        3.47    (150 546.76) (250 646.76)
      M4        7.66    (200 546.76) (300 646.76)
      M4        9.31    (250 546.76) (350 646.76)
      M4       11.99    (300 546.76) (400 646.76)
      M4       12.31    (350 546.76) (450 646.76)
      M4        5.41    (400 546.76) (500 646.76)
      M4        3.06    (450 546.76) (550 646.76)
      M4        3.46    (500 546.76) (600 646.76)
      M4        1.62    (550 546.76) (650 646.76)
      M4        1.54    (553.76 546.76) (653.76 646.76)

      M3        3.48    (0 0) (100 100)
      M3        7.32    (50 0) (150 100)
      M3        8.52    (100 0) (200 100)
      M3        8.81    (150 0) (250 100)
      M3        7.38    (200 0) (300 100)
      M3        6.95    (250 0) (350 100)
      M3        8.00    (300 0) (400 100)
      M3        7.52    (350 0) (450 100)
      M3        6.04    (400 0) (500 100)
      M3        5.08    (450 0) (550 100)
      M3        2.90    (500 0) (600 100)
      M3        0.60    (550 0) (650 100)
      M3        0.56    (553.76 0) (653.76 100)
      M3        6.02    (0 50) (100 150)
      M3       11.14    (50 50) (150 150)
      M3       10.97    (100 50) (200 150)
      M3       11.15    (150 50) (250 150)
      M3        9.93    (200 50) (300 150)
      M3        9.68    (250 50) (350 150)
      M3       11.29    (300 50) (400 150)
      M3       11.91    (350 50) (450 150)
      M3        9.95    (400 50) (500 150)
      M3        6.96    (450 50) (550 150)
      M3        3.97    (500 50) (600 150)
      M3        3.00    (550 50) (650 150)
      M3        3.00    (553.76 50) (653.76 150)
      M3        5.55    (0 100) (100 200)
      M3       10.97    (50 100) (150 200)
      M3       11.23    (100 100) (200 200)
      M3       12.02    (150 100) (250 200)
      M3       12.18    (200 100) (300 200)
      M3       11.62    (250 100) (350 200)
      M3       11.92    (300 100) (400 200)
      M3       12.32    (350 100) (450 200)
      M3       11.37    (400 100) (500 200)
      M3        7.79    (450 100) (550 200)
      M3        6.12    (500 100) (600 200)
      M3        8.95    (550 100) (650 200)
      M3        9.21    (553.76 100) (653.76 200)
      M3        4.09    (0 150) (100 250)
      M3       10.45    (50 150) (150 250)
      M3       12.89    (100 150) (200 250)
      M3       13.70    (150 150) (250 250)
      M3       14.30    (200 150) (300 250)
      M3       13.31    (250 150) (350 250)
      M3       11.74    (300 150) (400 250)
      M3       11.29    (350 150) (450 250)
      M3       11.60    (400 150) (500 250)
      M3        8.92    (450 150) (550 250)
      M3        7.81    (500 150) (600 250)
      M3       12.35    (550 150) (650 250)
      M3       12.84    (553.76 150) (653.76 250)
      M3        3.84    (0 200) (100 300)
      M3        9.83    (50 200) (150 300)
      M3       11.50    (100 200) (200 300)
      M3       11.21    (150 200) (250 300)
      M3       11.98    (200 200) (300 300)
      M3       12.00    (250 200) (350 300)
      M3       10.68    (300 200) (400 300)
      M3       10.19    (350 200) (450 300)
      M3       10.79    (400 200) (500 300)
      M3        9.68    (450 200) (550 300)
      M3        8.84    (500 200) (600 300)
      M3       11.85    (550 200) (650 300)
      M3       12.26    (553.76 200) (653.76 300)
      M3        5.61    (0 250) (100 350)
      M3       10.63    (50 250) (150 350)
      M3       11.16    (100 250) (200 350)
      M3       10.31    (150 250) (250 350)
      M3       10.66    (200 250) (300 350)
      M3       11.00    (250 250) (350 350)
      M3       10.47    (300 250) (400 350)
      M3       10.20    (350 250) (450 350)
      M3       10.81    (400 250) (500 350)
      M3       10.78    (450 250) (550 350)
      M3       10.02    (500 250) (600 350)
      M3        9.52    (550 250) (650 350)
      M3        9.65    (553.76 250) (653.76 350)
      M3        5.99    (0 300) (100 400)
      M3       10.01    (50 300) (150 400)
      M3       10.85    (100 300) (200 400)
      M3       10.70    (150 300) (250 400)
      M3       10.77    (200 300) (300 400)
      M3       10.79    (250 300) (350 400)
      M3       10.53    (300 300) (400 400)
      M3       10.18    (350 300) (450 400)
      M3       10.09    (400 300) (500 400)
      M3       10.27    (450 300) (550 400)
      M3        9.83    (500 300) (600 400)
      M3        8.32    (550 300) (650 400)
      M3        8.28    (553.76 300) (653.76 400)
      M3        3.78    (0 350) (100 450)
      M3        7.90    (50 350) (150 450)
      M3        9.57    (100 350) (200 450)
      M3       10.36    (150 350) (250 450)
      M3       11.26    (200 350) (300 450)
      M3       11.24    (250 350) (350 450)
      M3       10.42    (300 350) (400 450)
      M3        9.17    (350 350) (450 450)
      M3        8.44    (400 350) (500 450)
      M3        9.35    (450 350) (550 450)
      M3        9.62    (500 350) (600 450)
      M3        7.27    (550 350) (650 450)
      M3        7.15    (553.76 350) (653.76 450)
      M3        1.68    (0 400) (100 500)
      M3        6.73    (50 400) (150 500)
      M3       10.22    (100 400) (200 500)
      M3       11.04    (150 400) (250 500)
      M3       12.04    (200 400) (300 500)
      M3       10.74    (250 400) (350 500)
      M3        9.51    (300 400) (400 500)
      M3        9.62    (350 400) (450 500)
      M3        9.14    (400 400) (500 500)
      M3        9.53    (450 400) (550 500)
      M3       10.08    (500 400) (600 500)
      M3        6.18    (550 400) (650 500)
      M3        5.90    (553.76 400) (653.76 500)
      M3        1.05    (0 450) (100 550)
      M3        6.41    (50 450) (150 550)
      M3       10.96    (100 450) (200 550)
      M3       11.18    (150 450) (250 550)
      M3       10.93    (200 450) (300 550)
      M3        9.04    (250 450) (350 550)
      M3        8.74    (300 450) (400 550)
      M3       10.45    (350 450) (450 550)
      M3       10.46    (400 450) (500 550)
      M3        9.61    (450 450) (550 550)
      M3        9.43    (500 450) (600 550)
      M3        5.66    (550 450) (650 550)
      M3        5.33    (553.76 450) (653.76 550)
      M3        0.92    (0 500) (100 600)
      M3        5.28    (50 500) (150 600)
      M3        8.74    (100 500) (200 600)
      M3        8.58    (150 500) (250 600)
      M3        9.01    (200 500) (300 600)
      M3        8.22    (250 500) (350 600)
      M3        8.22    (300 500) (400 600)
      M3        9.68    (350 500) (450 600)
      M3        9.70    (400 500) (500 600)
      M3        9.21    (450 500) (550 600)
      M3        8.51    (500 500) (600 600)
      M3        4.50    (550 500) (650 600)
      M3        4.15    (553.76 500) (653.76 600)
      M3        0.30    (0 546.76) (100 646.76)
      M3        2.87    (50 546.76) (150 646.76)
      M3        5.24    (100 546.76) (200 646.76)
      M3        6.29    (150 546.76) (250 646.76)
      M3        7.96    (200 546.76) (300 646.76)
      M3        6.70    (250 546.76) (350 646.76)
      M3        5.56    (300 546.76) (400 646.76)
      M3        6.09    (350 546.76) (450 646.76)
      M3        5.40    (400 546.76) (500 646.76)
      M3        4.91    (450 546.76) (550 646.76)
      M3        4.61    (500 546.76) (600 646.76)
      M3        2.39    (550 546.76) (650 646.76)
      M3        2.18    (553.76 546.76) (653.76 646.76)

      M2        2.86    (0 0) (100 100)
      M2        5.94    (50 0) (150 100)
      M2        6.47    (100 0) (200 100)
      M2        6.45    (150 0) (250 100)
      M2        6.31    (200 0) (300 100)
      M2        6.46    (250 0) (350 100)
      M2        6.68    (300 0) (400 100)
      M2        6.60    (350 0) (450 100)
      M2        7.52    (400 0) (500 100)
      M2        6.21    (450 0) (550 100)
      M2        2.28    (500 0) (600 100)
      M2        0.45    (550 0) (650 100)
      M2        0.44    (553.76 0) (653.76 100)
      M2        5.53    (0 50) (100 150)
      M2       10.59    (50 50) (150 150)
      M2       11.01    (100 50) (200 150)
      M2       11.62    (150 50) (250 150)
      M2       12.44    (200 50) (300 150)
      M2       12.62    (250 50) (350 150)
      M2       11.57    (300 50) (400 150)
      M2       10.73    (350 50) (450 150)
      M2       10.38    (400 50) (500 150)
      M2        9.18    (450 50) (550 150)
      M2        5.67    (500 50) (600 150)
      M2        2.58    (550 50) (650 150)
      M2        2.50    (553.76 50) (653.76 150)
      M2        5.46    (0 100) (100 200)
      M2       10.34    (50 100) (150 200)
      M2       10.70    (100 100) (200 200)
      M2       11.78    (150 100) (250 200)
      M2       12.72    (200 100) (300 200)
      M2       12.26    (250 100) (350 200)
      M2       10.99    (300 100) (400 200)
      M2       10.60    (350 100) (450 200)
      M2       10.02    (400 100) (500 200)
      M2        8.84    (450 100) (550 200)
      M2        7.54    (500 100) (600 200)
      M2        5.51    (550 100) (650 200)
      M2        5.35    (553.76 100) (653.76 200)
      M2        4.95    (0 150) (100 250)
      M2        9.88    (50 150) (150 250)
      M2       10.08    (100 150) (200 250)
      M2       10.58    (150 150) (250 250)
      M2       10.89    (200 150) (300 250)
      M2       10.63    (250 150) (350 250)
      M2       10.21    (300 150) (400 250)
      M2        9.85    (350 150) (450 250)
      M2        9.07    (400 150) (500 250)
      M2        8.13    (450 150) (550 250)
      M2        7.91    (500 150) (600 250)
      M2        6.13    (550 150) (650 250)
      M2        5.97    (553.76 150) (653.76 250)
      M2        5.36    (0 200) (100 300)
      M2        9.99    (50 200) (150 300)
      M2        9.13    (100 200) (200 300)
      M2        9.70    (150 200) (250 300)
      M2       10.63    (200 200) (300 300)
      M2       10.77    (250 200) (350 300)
      M2       10.65    (300 200) (400 300)
      M2       10.17    (350 200) (450 300)
      M2        9.64    (400 200) (500 300)
      M2        9.76    (450 200) (550 300)
      M2        9.01    (500 200) (600 300)
      M2        5.56    (550 200) (650 300)
      M2        5.37    (553.76 200) (653.76 300)
      M2        5.41    (0 250) (100 350)
      M2       10.26    (50 250) (150 350)
      M2        9.82    (100 250) (200 350)
      M2       10.72    (150 250) (250 350)
      M2       11.68    (200 250) (300 350)
      M2       10.96    (250 250) (350 350)
      M2       10.44    (300 250) (400 350)
      M2       10.59    (350 250) (450 350)
      M2       10.10    (400 250) (500 350)
      M2       10.50    (450 250) (550 350)
      M2       10.11    (500 250) (600 350)
      M2        5.44    (550 250) (650 350)
      M2        5.17    (553.76 250) (653.76 350)
      M2        4.70    (0 300) (100 400)
      M2        9.75    (50 300) (150 400)
      M2       10.23    (100 300) (200 400)
      M2       10.55    (150 300) (250 400)
      M2       11.00    (200 300) (300 400)
      M2       10.43    (250 300) (350 400)
      M2       10.49    (300 300) (400 400)
      M2       10.73    (350 300) (450 400)
      M2        9.61    (400 300) (500 400)
      M2       10.06    (450 300) (550 400)
      M2       10.19    (500 300) (600 400)
      M2        5.34    (550 300) (650 400)
      M2        5.04    (553.76 300) (653.76 400)
      M2        4.43    (0 350) (100 450)
      M2        9.02    (50 350) (150 450)
      M2        9.12    (100 350) (200 450)
      M2        8.80    (150 350) (250 450)
      M2        8.82    (200 350) (300 450)
      M2        8.61    (250 350) (350 450)
      M2       10.30    (300 350) (400 450)
      M2       10.77    (350 350) (450 450)
      M2        9.24    (400 350) (500 450)
      M2       10.41    (450 350) (550 450)
      M2       10.84    (500 350) (600 450)
      M2        5.91    (550 350) (650 450)
      M2        5.58    (553.76 350) (653.76 450)
      M2        3.27    (0 400) (100 500)
      M2        7.42    (50 400) (150 500)
      M2        8.47    (100 400) (200 500)
      M2        7.92    (150 400) (250 500)
      M2        7.65    (200 400) (300 500)
      M2        7.70    (250 400) (350 500)
      M2        9.41    (300 400) (400 500)
      M2       10.27    (350 400) (450 500)
      M2        9.83    (400 400) (500 500)
      M2       10.32    (450 400) (550 500)
      M2       10.73    (500 400) (600 500)
      M2        6.56    (550 400) (650 500)
      M2        6.12    (553.76 400) (653.76 500)
      M2        2.23    (0 450) (100 550)
      M2        6.45    (50 450) (150 550)
      M2        8.85    (100 450) (200 550)
      M2        8.62    (150 450) (250 550)
      M2        8.09    (200 450) (300 550)
      M2        8.03    (250 450) (350 550)
      M2        9.10    (300 450) (400 550)
      M2        9.93    (350 450) (450 550)
      M2        9.61    (400 450) (500 550)
      M2        9.62    (450 450) (550 550)
      M2       10.23    (500 450) (600 550)
      M2        6.38    (550 450) (650 550)
      M2        5.90    (553.76 450) (653.76 550)
      M2        1.83    (0 500) (100 600)
      M2        6.36    (50 500) (150 600)
      M2        8.95    (100 500) (200 600)
      M2        8.53    (150 500) (250 600)
      M2        8.42    (200 500) (300 600)
      M2        8.21    (250 500) (350 600)
      M2        8.60    (300 500) (400 600)
      M2        9.40    (350 500) (450 600)
      M2        8.95    (400 500) (500 600)
      M2        9.47    (450 500) (550 600)
      M2       10.14    (500 500) (600 600)
      M2        5.69    (550 500) (650 600)
      M2        5.25    (553.76 500) (653.76 600)
      M2        0.77    (0 546.76) (100 646.76)
      M2        3.50    (50 546.76) (150 646.76)
      M2        5.23    (100 546.76) (200 646.76)
      M2        4.93    (150 546.76) (250 646.76)
      M2        5.60    (200 546.76) (300 646.76)
      M2        6.31    (250 546.76) (350 646.76)
      M2        6.71    (300 546.76) (400 646.76)
      M2        6.49    (350 546.76) (450 646.76)
      M2        5.85    (400 546.76) (500 646.76)
      M2        6.10    (450 546.76) (550 646.76)
      M2        5.71    (500 546.76) (600 646.76)
      M2        2.84    (550 546.76) (650 646.76)
      M2        2.60    (553.76 546.76) (653.76 646.76)

      M1        7.24    (0 0) (100 100)
      M1       13.38    (50 0) (150 100)
      M1       13.14    (100 0) (200 100)
      M1       13.65    (150 0) (250 100)
      M1       14.06    (200 0) (300 100)
      M1       13.60    (250 0) (350 100)
      M1       13.77    (300 0) (400 100)
      M1       13.61    (350 0) (450 100)
      M1       13.34    (400 0) (500 100)
      M1       12.08    (450 0) (550 100)
      M1        8.14    (500 0) (600 100)
      M1        3.54    (550 0) (650 100)
      M1        3.29    (553.76 0) (653.76 100)
      M1       12.25    (0 50) (100 150)
      M1       19.98    (450 50) (550 150)
      M1       15.77    (500 50) (600 150)
      M1        8.77    (550 50) (650 150)
      M1        8.31    (553.76 50) (653.76 150)
      M1       12.20    (0 100) (100 200)
      M1       19.74    (450 100) (550 200)
      M1       18.60    (500 100) (600 200)
      M1       12.82    (550 100) (650 200)
      M1       12.22    (553.76 100) (653.76 200)
      M1       11.66    (0 150) (100 250)
      M1       13.97    (550 150) (650 250)
      M1       13.21    (553.76 150) (653.76 250)
      M1       11.67    (0 200) (100 300)
      M1       13.28    (550 200) (650 300)
      M1       12.51    (553.76 200) (653.76 300)
      M1       11.55    (0 250) (100 350)
      M1       12.78    (550 250) (650 350)
      M1       12.05    (553.76 250) (653.76 350)
      M1       11.41    (0 300) (100 400)
      M1       12.80    (550 300) (650 400)
      M1       12.06    (553.76 300) (653.76 400)
      M1       11.18    (0 350) (100 450)
      M1       13.17    (550 350) (650 450)
      M1       12.43    (553.76 350) (653.76 450)
      M1        9.04    (0 400) (100 500)
      M1       18.06    (50 400) (150 500)
      M1       19.63    (100 400) (200 500)
      M1       19.29    (150 400) (250 500)
      M1       18.99    (200 400) (300 500)
      M1       18.79    (250 400) (350 500)
      M1       19.84    (300 400) (400 500)
      M1       13.69    (550 400) (650 500)
      M1       12.90    (553.76 400) (653.76 500)
      M1        7.59    (0 450) (100 550)
      M1       15.64    (50 450) (150 550)
      M1       18.09    (100 450) (200 550)
      M1       18.41    (150 450) (250 550)
      M1       18.32    (200 450) (300 550)
      M1       18.19    (250 450) (350 550)
      M1       19.31    (300 450) (400 550)
      M1       13.43    (550 450) (650 550)
      M1       12.58    (553.76 450) (653.76 550)
      M1        7.52    (0 500) (100 600)
      M1       15.83    (50 500) (150 600)
      M1       18.35    (100 500) (200 600)
      M1       18.69    (150 500) (250 600)
      M1       18.84    (200 500) (300 600)
      M1       18.71    (250 500) (350 600)
      M1       19.81    (300 500) (400 600)
      M1       12.94    (550 500) (650 600)
      M1       12.09    (553.76 500) (653.76 600)
      M1        3.97    (0 546.76) (100 646.76)
      M1        9.02    (50 546.76) (150 646.76)
      M1       11.56    (100 546.76) (200 646.76)
      M1       12.14    (150 546.76) (250 646.76)
      M1       11.50    (200 546.76) (300 646.76)
      M1       10.96    (250 546.76) (350 646.76)
      M1       12.00    (300 546.76) (400 646.76)
      M1       12.78    (350 546.76) (450 646.76)
      M1       12.51    (400 546.76) (500 646.76)
      M1       12.43    (450 546.76) (550 646.76)
      M1       12.17    (500 546.76) (600 646.76)
      M1        6.84    (550 546.76) (650 646.76)
      M1        6.39    (553.76 546.76) (653.76 646.76)


A total of 692 density violation(s).
Windows < Min. Density = 692
Windows > Max. Density = 0
Windows < Min. Union. Density = 0
Windows > Max. Union. Density = 0
