###############################################################
#  Generated by:      Cadence Innovus 21.35-s114_1
#  OS:                Linux x86_64(Host ID pc231.ee.hacettepe.edu.tr)
#  Generated on:      Wed Dec 24 12:09:15 2025
#  Design:            memory_macro
#  Command:           verifyMetalDensity
###############################################################

Verify Density report created on Wed Dec 24 12:09:15 2025

###############################################################
# Layer       M1 - Window size      : 100.0um X 100.0um
# Layer       M1 - Window step      : 50.0um X 50.0um
# Layer       M1 - Min Density      : 20%
# Layer       M1 - Pref Density     : 35%
# Layer       M1 - Max Density      : 80%
# Layer       M1 - Ext Density      : 35%
# Layer       M2 - Window size      : 100.0um X 100.0um
# Layer       M2 - Window step      : 50.0um X 50.0um
# Layer       M2 - Min Density      : 20%
# Layer       M2 - Pref Density     : 35%
# Layer       M2 - Max Density      : 80%
# Layer       M2 - Ext Density      : 35%
# Layer       M3 - Window size      : 100.0um X 100.0um
# Layer       M3 - Window step      : 50.0um X 50.0um
# Layer       M3 - Min Density      : 20%
# Layer       M3 - Pref Density     : 35%
# Layer       M3 - Max Density      : 80%
# Layer       M3 - Ext Density      : 35%
# Layer       M4 - Window size      : 100.0um X 100.0um
# Layer       M4 - Window step      : 50.0um X 50.0um
# Layer       M4 - Min Density      : 20%
# Layer       M4 - Pref Density     : 35%
# Layer       M4 - Max Density      : 80%
# Layer       M4 - Ext Density      : 35%
# Layer       M5 - Window size      : 100.0um X 100.0um
# Layer       M5 - Window step      : 50.0um X 50.0um
# Layer       M5 - Min Density      : 20%
# Layer       M5 - Pref Density     : 35%
# Layer       M5 - Max Density      : 80%
# Layer       M5 - Ext Density      : 35%
###############################################################


    Layer    Density(%)          Window  
***************************************************

      M5        4.15    (0 0) (100 100)
      M5        4.63    (50 0) (150 100)
      M5        5.30    (58.88 0) (158.88 100)
      M5        3.32    (0 47.26) (100 147.26)
      M5        4.14    (50 47.26) (150 147.26)
      M5        4.77    (58.88 47.26) (158.88 147.26)

      M4        7.96    (0 0) (100 100)
      M4        8.44    (50 0) (150 100)
      M4        7.15    (58.88 0) (158.88 100)
      M4        7.62    (0 47.26) (100 147.26)
      M4        8.80    (50 47.26) (150 147.26)
      M4        7.46    (58.88 47.26) (158.88 147.26)

      M3        8.78    (0 0) (100 100)
      M3        6.42    (50 0) (150 100)
      M3        6.68    (58.88 0) (158.88 100)
      M3        8.23    (0 47.26) (100 147.26)
      M3        6.32    (50 47.26) (150 147.26)
      M3        6.68    (58.88 47.26) (158.88 147.26)

      M2        6.47    (0 0) (100 100)
      M2        7.14    (50 0) (150 100)
      M2        6.15    (58.88 0) (158.88 100)
      M2        6.61    (0 47.26) (100 147.26)
      M2        7.20    (50 47.26) (150 147.26)
      M2        6.24    (58.88 47.26) (158.88 147.26)

      M1        6.62    (0 0) (100 100)
      M1        7.75    (50 0) (150 100)
      M1        6.90    (58.88 0) (158.88 100)
      M1        6.54    (0 47.26) (100 147.26)
      M1        7.63    (50 47.26) (150 147.26)
      M1        6.79    (58.88 47.26) (158.88 147.26)


A total of 30 density violation(s).
Windows < Min. Density = 30
Windows > Max. Density = 0
Windows < Min. Union. Density = 0
Windows > Max. Union. Density = 0
