###############################################################
#  Generated by:      Cadence Innovus 21.35-s114_1
#  OS:                Linux x86_64(Host ID pc231.ee.hacettepe.edu.tr)
#  Generated on:      Wed Dec 24 14:20:46 2025
#  Design:            protection_macro
#  Command:           verifyMetalDensity
###############################################################

Verify Density report created on Wed Dec 24 14:20:46 2025

###############################################################
# Layer       M1 - Window size      : 100.0um X 100.0um
# Layer       M1 - Window step      : 50.0um X 50.0um
# Layer       M1 - Min Density      : 20%
# Layer       M1 - Pref Density     : 35%
# Layer       M1 - Max Density      : 80%
# Layer       M1 - Ext Density      : 35%
# Layer       M2 - Window size      : 100.0um X 100.0um
# Layer       M2 - Window step      : 50.0um X 50.0um
# Layer       M2 - Min Density      : 20%
# Layer       M2 - Pref Density     : 35%
# Layer       M2 - Max Density      : 80%
# Layer       M2 - Ext Density      : 35%
# Layer       M3 - Window size      : 100.0um X 100.0um
# Layer       M3 - Window step      : 50.0um X 50.0um
# Layer       M3 - Min Density      : 20%
# Layer       M3 - Pref Density     : 35%
# Layer       M3 - Max Density      : 80%
# Layer       M3 - Ext Density      : 35%
# Layer       M4 - Window size      : 100.0um X 100.0um
# Layer       M4 - Window step      : 50.0um X 50.0um
# Layer       M4 - Min Density      : 20%
# Layer       M4 - Pref Density     : 35%
# Layer       M4 - Max Density      : 80%
# Layer       M4 - Ext Density      : 35%
# Layer       M5 - Window size      : 100.0um X 100.0um
# Layer       M5 - Window step      : 50.0um X 50.0um
# Layer       M5 - Min Density      : 20%
# Layer       M5 - Pref Density     : 35%
# Layer       M5 - Max Density      : 80%
# Layer       M5 - Ext Density      : 35%
###############################################################


    Layer    Density(%)          Window  
***************************************************

      M5        0.00    (0 0) (100 100)
      M5        0.00    (50 0) (150 100)
      M5        0.65    (100 0) (200 100)
      M5        0.65    (150 0) (250 100)
      M5        0.16    (180.8 0) (280.8 100)
      M5        1.53    (0 50) (100 150)
      M5        1.67    (50 50) (150 150)
      M5        2.99    (100 50) (200 150)
      M5        3.53    (150 50) (250 150)
      M5        3.33    (180.8 50) (280.8 150)
      M5        1.83    (0 100) (100 200)
      M5        2.53    (50 100) (150 200)
      M5        3.93    (100 100) (200 200)
      M5        4.70    (150 100) (250 200)
      M5        4.70    (180.8 100) (280.8 200)
      M5        0.59    (0 150) (100 250)
      M5        1.15    (50 150) (150 250)
      M5        1.70    (100 150) (200 250)
      M5        1.94    (150 150) (250 250)
      M5        1.60    (180.8 150) (280.8 250)
      M5        0.42    (0 180.46) (100 280.46)
      M5        1.04    (50 180.46) (150 280.46)
      M5        1.70    (100 180.46) (200 280.46)
      M5        1.40    (150 180.46) (250 280.46)
      M5        0.68    (180.8 180.46) (280.8 280.46)

      M4        0.12    (0 0) (100 100)
      M4        1.20    (50 0) (150 100)
      M4        2.12    (100 0) (200 100)
      M4        1.39    (150 0) (250 100)
      M4        0.47    (180.8 0) (280.8 100)
      M4        0.54    (0 50) (100 150)
      M4        1.38    (50 50) (150 150)
      M4        2.25    (100 50) (200 150)
      M4        2.26    (150 50) (250 150)
      M4        1.42    (180.8 50) (280.8 150)
      M4        0.86    (0 100) (100 200)
      M4        1.81    (50 100) (150 200)
      M4        2.14    (100 100) (200 200)
      M4        2.10    (150 100) (250 200)
      M4        1.54    (180.8 100) (280.8 200)
      M4        0.85    (0 150) (100 250)
      M4        1.58    (50 150) (150 250)
      M4        1.73    (100 150) (200 250)
      M4        1.47    (150 150) (250 250)
      M4        1.00    (180.8 150) (280.8 250)
      M4        0.76    (0 180.46) (100 280.46)
      M4        1.42    (50 180.46) (150 280.46)
      M4        1.66    (100 180.46) (200 280.46)
      M4        1.18    (150 180.46) (250 280.46)
      M4        0.73    (180.8 180.46) (280.8 280.46)

      M3        0.55    (0 0) (100 100)
      M3        1.46    (50 0) (150 100)
      M3        2.86    (100 0) (200 100)
      M3        2.97    (150 0) (250 100)
      M3        2.49    (180.8 0) (280.8 100)
      M3        3.70    (0 50) (100 150)
      M3        3.98    (50 50) (150 150)
      M3        5.54    (100 50) (200 150)
      M3        6.57    (150 50) (250 150)
      M3        6.58    (180.8 50) (280.8 150)
      M3        5.52    (0 100) (100 200)
      M3        5.25    (50 100) (150 200)
      M3        6.29    (100 100) (200 200)
      M3        8.00    (150 100) (250 200)
      M3        7.97    (180.8 100) (280.8 200)
      M3        3.29    (0 150) (100 250)
      M3        4.43    (50 150) (150 250)
      M3        5.42    (100 150) (200 250)
      M3        6.23    (150 150) (250 250)
      M3        5.35    (180.8 150) (280.8 250)
      M3        1.58    (0 180.46) (100 280.46)
      M3        2.66    (50 180.46) (150 280.46)
      M3        3.46    (100 180.46) (200 280.46)
      M3        3.87    (150 180.46) (250 280.46)
      M3        3.32    (180.8 180.46) (280.8 280.46)

      M2        0.39    (0 0) (100 100)
      M2        3.15    (50 0) (150 100)
      M2        6.63    (100 0) (200 100)
      M2        5.23    (150 0) (250 100)
      M2        2.71    (180.8 0) (280.8 100)
      M2        1.96    (0 50) (100 150)
      M2        5.77    (50 50) (150 150)
      M2        8.40    (100 50) (200 150)
      M2        7.52    (150 50) (250 150)
      M2        4.89    (180.8 50) (280.8 150)
      M2        3.38    (0 100) (100 200)
      M2        7.21    (50 100) (150 200)
      M2        8.24    (100 100) (200 200)
      M2        7.55    (150 100) (250 200)
      M2        5.02    (180.8 100) (280.8 200)
      M2        3.00    (0 150) (100 250)
      M2        6.31    (50 150) (150 250)
      M2        6.86    (100 150) (200 250)
      M2        6.02    (150 150) (250 250)
      M2        3.90    (180.8 150) (280.8 250)
      M2        2.06    (0 180.46) (100 280.46)
      M2        4.63    (50 180.46) (150 280.46)
      M2        4.93    (100 180.46) (200 280.46)
      M2        4.27    (150 180.46) (250 280.46)
      M2        2.83    (180.8 180.46) (280.8 280.46)

      M1        3.83    (0 0) (100 100)
      M1        8.41    (50 0) (150 100)
      M1       11.15    (100 0) (200 100)
      M1        9.92    (150 0) (250 100)
      M1        6.25    (180.8 0) (280.8 100)
      M1        8.72    (0 50) (100 150)
      M1       16.92    (50 50) (150 150)
      M1       19.54    (100 50) (200 150)
      M1       17.45    (150 50) (250 150)
      M1       11.34    (180.8 50) (280.8 150)
      M1       10.72    (0 100) (100 200)
      M1       19.17    (50 100) (150 200)
      M1       18.05    (150 100) (250 200)
      M1       11.83    (180.8 100) (280.8 200)
      M1        9.09    (0 150) (100 250)
      M1       16.41    (50 150) (150 250)
      M1       17.37    (100 150) (200 250)
      M1       16.02    (150 150) (250 250)
      M1       10.47    (180.8 150) (280.8 250)
      M1        5.63    (0 180.46) (100 280.46)
      M1       10.21    (50 180.46) (150 280.46)
      M1       10.96    (100 180.46) (200 280.46)
      M1       10.33    (150 180.46) (250 280.46)
      M1        6.81    (180.8 180.46) (280.8 280.46)


A total of 124 density violation(s).
Windows < Min. Density = 124
Windows > Max. Density = 0
Windows < Min. Union. Density = 0
Windows > Max. Union. Density = 0
