###############################################################
#  Generated by:      Cadence Innovus 21.35-s114_1
#  OS:                Linux x86_64(Host ID pc231.ee.hacettepe.edu.tr)
#  Generated on:      Wed Dec 24 15:44:04 2025
#  Design:            pwm_accelerator_macro
#  Command:           verifyMetalDensity
###############################################################

Verify Density report created on Wed Dec 24 15:44:04 2025

###############################################################
# Layer       M1 - Window size      : 100.0um X 100.0um
# Layer       M1 - Window step      : 50.0um X 50.0um
# Layer       M1 - Min Density      : 20%
# Layer       M1 - Pref Density     : 35%
# Layer       M1 - Max Density      : 80%
# Layer       M1 - Ext Density      : 35%
# Layer       M2 - Window size      : 100.0um X 100.0um
# Layer       M2 - Window step      : 50.0um X 50.0um
# Layer       M2 - Min Density      : 20%
# Layer       M2 - Pref Density     : 35%
# Layer       M2 - Max Density      : 80%
# Layer       M2 - Ext Density      : 35%
# Layer       M3 - Window size      : 100.0um X 100.0um
# Layer       M3 - Window step      : 50.0um X 50.0um
# Layer       M3 - Min Density      : 20%
# Layer       M3 - Pref Density     : 35%
# Layer       M3 - Max Density      : 80%
# Layer       M3 - Ext Density      : 35%
# Layer       M4 - Window size      : 100.0um X 100.0um
# Layer       M4 - Window step      : 50.0um X 50.0um
# Layer       M4 - Min Density      : 20%
# Layer       M4 - Pref Density     : 35%
# Layer       M4 - Max Density      : 80%
# Layer       M4 - Ext Density      : 35%
# Layer       M5 - Window size      : 100.0um X 100.0um
# Layer       M5 - Window step      : 50.0um X 50.0um
# Layer       M5 - Min Density      : 20%
# Layer       M5 - Pref Density     : 35%
# Layer       M5 - Max Density      : 80%
# Layer       M5 - Ext Density      : 35%
###############################################################


    Layer    Density(%)          Window  
***************************************************

      M5        0.00    (0 0) (100 100)
      M5        0.22    (50 0) (150 100)
      M5        1.75    (100 0) (200 100)
      M5        4.03    (150 0) (250 100)
      M5        4.70    (200 0) (300 100)
      M5        5.14    (250 0) (350 100)
      M5        6.36    (300 0) (400 100)
      M5        6.72    (350 0) (450 100)
      M5        7.06    (400 0) (500 100)
      M5        7.68    (450 0) (550 100)
      M5        7.29    (500 0) (600 100)
      M5        3.81    (550 0) (650 100)
      M5        0.44    (600 0) (700 100)
      M5        0.19    (650 0) (750 100)
      M5        0.21    (700 0) (800 100)
      M5        0.21    (731.84 0) (831.84 100)
      M5        0.00    (0 50) (100 150)
      M5        0.90    (50 50) (150 150)
      M5        5.79    (100 50) (200 150)
      M5       10.38    (150 50) (250 150)
      M5        9.96    (200 50) (300 150)
      M5        8.85    (250 50) (350 150)
      M5       11.68    (300 50) (400 150)
      M5       13.92    (350 50) (450 150)
      M5       13.62    (400 50) (500 150)
      M5       14.30    (450 50) (550 150)
      M5       14.60    (500 50) (600 150)
      M5        9.89    (550 50) (650 150)
      M5        3.81    (600 50) (700 150)
      M5        2.03    (650 50) (750 150)
      M5        1.13    (700 50) (800 150)
      M5        0.87    (731.84 50) (831.84 150)
      M5        0.00    (0 100) (100 200)
      M5        0.67    (50 100) (150 200)
      M5        4.18    (100 100) (200 200)
      M5        7.50    (150 100) (250 200)
      M5        7.18    (200 100) (300 200)
      M5        7.47    (250 100) (350 200)
      M5       12.37    (300 100) (400 200)
      M5       14.17    (350 100) (450 200)
      M5       11.35    (400 100) (500 200)
      M5       11.68    (450 100) (550 200)
      M5       12.32    (500 100) (600 200)
      M5        9.75    (550 100) (650 200)
      M5        6.15    (600 100) (700 200)
      M5        4.51    (650 100) (750 200)
      M5        2.92    (700 100) (800 200)
      M5        1.65    (731.84 100) (831.84 200)
      M5        0.00    (0 150) (100 250)
      M5        0.00    (50 150) (150 250)
      M5        1.45    (100 150) (200 250)
      M5        5.35    (150 150) (250 250)
      M5        6.43    (200 150) (300 250)
      M5        6.74    (250 150) (350 250)
      M5       12.48    (300 150) (400 250)
      M5       15.76    (350 150) (450 250)
      M5       12.95    (400 150) (500 250)
      M5       11.80    (450 150) (550 250)
      M5       11.24    (500 150) (600 250)
      M5        8.72    (550 150) (650 250)
      M5        5.05    (600 150) (700 250)
      M5        2.92    (650 150) (750 250)
      M5        2.09    (700 150) (800 250)
      M5        1.07    (731.84 150) (831.84 250)
      M5        0.07    (0 200) (100 300)
      M5        2.56    (50 200) (150 300)
      M5        5.77    (100 200) (200 300)
      M5        7.58    (150 200) (250 300)
      M5        7.45    (200 200) (300 300)
      M5        8.23    (250 200) (350 300)
      M5       13.00    (300 200) (400 300)
      M5       16.24    (350 200) (450 300)
      M5       14.73    (400 200) (500 300)
      M5       13.02    (450 200) (550 300)
      M5       12.29    (500 200) (600 300)
      M5        8.60    (550 200) (650 300)
      M5        3.62    (600 200) (700 300)
      M5        2.17    (650 200) (750 300)
      M5        1.99    (700 200) (800 300)
      M5        1.19    (731.84 200) (831.84 300)
      M5        0.07    (0 250) (100 350)
      M5        2.86    (50 250) (150 350)
      M5        7.37    (100 250) (200 350)
      M5        8.35    (150 250) (250 350)
      M5        7.87    (200 250) (300 350)
      M5        8.39    (250 250) (350 350)
      M5       11.22    (300 250) (400 350)
      M5       14.58    (350 250) (450 350)
      M5       14.84    (400 250) (500 350)
      M5       13.29    (450 250) (550 350)
      M5       11.30    (500 250) (600 350)
      M5        8.18    (550 250) (650 350)
      M5        5.06    (600 250) (700 350)
      M5        3.95    (650 250) (750 350)
      M5        2.94    (700 250) (800 350)
      M5        2.68    (731.84 250) (831.84 350)
      M5        0.83    (0 300) (100 400)
      M5        3.66    (50 300) (150 400)
      M5        9.15    (100 300) (200 400)
      M5       12.76    (150 300) (250 400)
      M5       13.59    (200 300) (300 400)
      M5       13.54    (250 300) (350 400)
      M5       14.59    (300 300) (400 400)
      M5       16.93    (350 300) (450 400)
      M5       17.04    (400 300) (500 400)
      M5       15.81    (450 300) (550 400)
      M5       13.26    (500 300) (600 400)
      M5        9.55    (550 300) (650 400)
      M5        7.04    (600 300) (700 400)
      M5        7.57    (650 300) (750 400)
      M5        5.99    (700 300) (800 400)
      M5        4.25    (731.84 300) (831.84 400)
      M5        1.87    (0 350) (100 450)
      M5        6.87    (50 350) (150 450)
      M5       11.70    (100 350) (200 450)
      M5       13.31    (150 350) (250 450)
      M5       14.62    (200 350) (300 450)
      M5       16.74    (250 350) (350 450)
      M5       17.02    (300 350) (400 450)
      M5       16.18    (350 350) (450 450)
      M5       15.23    (400 350) (500 450)
      M5       15.88    (450 350) (550 450)
      M5       14.44    (500 350) (600 450)
      M5        9.79    (550 350) (650 450)
      M5        7.10    (600 350) (700 450)
      M5        9.82    (650 350) (750 450)
      M5        8.05    (700 350) (800 450)
      M5        4.23    (731.84 350) (831.84 450)
      M5        1.05    (0 400) (100 500)
      M5        4.22    (50 400) (150 500)
      M5        8.72    (100 400) (200 500)
      M5       11.10    (150 400) (250 500)
      M5       13.15    (200 400) (300 500)
      M5       13.11    (250 400) (350 500)
      M5       12.92    (300 400) (400 500)
      M5       14.00    (350 400) (450 500)
      M5       15.16    (400 400) (500 500)
      M5       18.74    (450 400) (550 500)
      M5       16.86    (500 400) (600 500)
      M5       12.06    (550 400) (650 500)
      M5        9.80    (600 400) (700 500)
      M5        8.85    (650 400) (750 500)
      M5        5.00    (700 400) (800 500)
      M5        2.48    (731.84 400) (831.84 500)
      M5        0.00    (0 450) (100 550)
      M5        2.75    (50 450) (150 550)
      M5        8.32    (100 450) (200 550)
      M5       12.08    (150 450) (250 550)
      M5       14.65    (200 450) (300 550)
      M5       12.71    (250 450) (350 550)
      M5       11.18    (300 450) (400 550)
      M5       12.69    (350 450) (450 550)
      M5       15.13    (400 450) (500 550)
      M5       19.74    (450 450) (550 550)
      M5       19.29    (500 450) (600 550)
      M5       16.24    (550 450) (650 550)
      M5       13.25    (600 450) (700 550)
      M5        8.29    (650 450) (750 550)
      M5        2.91    (700 450) (800 550)
      M5        1.12    (731.84 450) (831.84 550)
      M5        0.00    (0 500) (100 600)
      M5        2.18    (50 500) (150 600)
      M5        7.26    (100 500) (200 600)
      M5       10.45    (150 500) (250 600)
      M5       12.81    (200 500) (300 600)
      M5       12.43    (250 500) (350 600)
      M5        9.96    (300 500) (400 600)
      M5       10.01    (350 500) (450 600)
      M5       12.15    (400 500) (500 600)
      M5       14.93    (450 500) (550 600)
      M5       16.27    (500 500) (600 600)
      M5       16.69    (550 500) (650 600)
      M5       14.04    (600 500) (700 600)
      M5        7.94    (650 500) (750 600)
      M5        2.25    (700 500) (800 600)
      M5        0.50    (731.84 500) (831.84 600)
      M5        0.00    (0 550) (100 650)
      M5        0.71    (50 550) (150 650)
      M5        5.82    (100 550) (200 650)
      M5        9.53    (150 550) (250 650)
      M5       11.38    (200 550) (300 650)
      M5       11.76    (250 550) (350 650)
      M5        8.17    (300 550) (400 650)
      M5        7.31    (350 550) (450 650)
      M5       11.73    (400 550) (500 650)
      M5       15.51    (450 550) (550 650)
      M5       17.10    (500 550) (600 650)
      M5       16.39    (550 550) (650 650)
      M5       12.85    (600 550) (700 650)
      M5        8.02    (650 550) (750 650)
      M5        2.30    (700 550) (800 650)
      M5        0.32    (731.84 550) (831.84 650)
      M5        0.00    (0 600) (100 700)
      M5        0.89    (50 600) (150 700)
      M5        6.42    (100 600) (200 700)
      M5       10.81    (150 600) (250 700)
      M5       11.68    (200 600) (300 700)
      M5       10.28    (250 600) (350 700)
      M5        7.11    (300 600) (400 700)
      M5        7.36    (350 600) (450 700)
      M5       12.15    (400 600) (500 700)
      M5       18.63    (450 600) (550 700)
      M5       15.56    (550 600) (650 700)
      M5        9.26    (600 600) (700 700)
      M5        4.63    (650 600) (750 700)
      M5        1.06    (700 600) (800 700)
      M5        0.00    (731.84 600) (831.84 700)
      M5        0.00    (0 650) (100 750)
      M5        1.15    (50 650) (150 750)
      M5        5.38    (100 650) (200 750)
      M5       10.88    (150 650) (250 750)
      M5       13.33    (200 650) (300 750)
      M5       10.38    (250 650) (350 750)
      M5        9.17    (300 650) (400 750)
      M5       11.71    (350 650) (450 750)
      M5       13.48    (400 650) (500 750)
      M5       16.36    (450 650) (550 750)
      M5       16.05    (500 650) (600 750)
      M5       10.70    (550 650) (650 750)
      M5        5.01    (600 650) (700 750)
      M5        1.21    (650 650) (750 750)
      M5        0.00    (700 650) (800 750)
      M5        0.00    (731.84 650) (831.84 750)
      M5        0.00    (0 700) (100 800)
      M5        1.55    (50 700) (150 800)
      M5        4.01    (100 700) (200 800)
      M5        6.35    (150 700) (250 800)
      M5        8.01    (200 700) (300 800)
      M5        7.19    (250 700) (350 800)
      M5        7.04    (300 700) (400 800)
      M5        7.95    (350 700) (450 800)
      M5        7.61    (400 700) (500 800)
      M5        6.38    (450 700) (550 800)
      M5        5.22    (500 700) (600 800)
      M5        3.89    (550 700) (650 800)
      M5        1.78    (600 700) (700 800)
      M5        0.37    (650 700) (750 800)
      M5        0.00    (700 700) (800 800)
      M5        0.00    (731.84 700) (831.84 800)
      M5        0.00    (0 719.92) (100 819.92)
      M5        0.72    (50 719.92) (150 819.92)
      M5        2.26    (100 719.92) (200 819.92)
      M5        3.68    (150 719.92) (250 819.92)
      M5        4.12    (200 719.92) (300 819.92)
      M5        3.79    (250 719.92) (350 819.92)
      M5        3.91    (300 719.92) (400 819.92)
      M5        3.97    (350 719.92) (450 819.92)
      M5        3.44    (400 719.92) (500 819.92)
      M5        2.45    (450 719.92) (550 819.92)
      M5        1.64    (500 719.92) (600 819.92)
      M5        1.57    (550 719.92) (650 819.92)
      M5        1.17    (600 719.92) (700 819.92)
      M5        0.37    (650 719.92) (750 819.92)
      M5        0.00    (700 719.92) (800 819.92)
      M5        0.00    (731.84 719.92) (831.84 819.92)

      M4        0.08    (0 0) (100 100)
      M4        0.33    (50 0) (150 100)
      M4        1.05    (100 0) (200 100)
      M4        1.33    (150 0) (250 100)
      M4        0.90    (200 0) (300 100)
      M4        0.98    (250 0) (350 100)
      M4        8.08    (300 0) (400 100)
      M4        9.05    (350 0) (450 100)
      M4        2.10    (400 0) (500 100)
      M4        0.82    (450 0) (550 100)
      M4        1.00    (500 0) (600 100)
      M4        1.64    (550 0) (650 100)
      M4        1.07    (600 0) (700 100)
      M4        0.43    (650 0) (750 100)
      M4        0.59    (700 0) (800 100)
      M4        0.46    (731.84 0) (831.84 100)
      M4        0.26    (0 50) (100 150)
      M4        1.99    (50 50) (150 150)
      M4        3.86    (100 50) (200 150)
      M4        3.89    (150 50) (250 150)
      M4        2.88    (200 50) (300 150)
      M4        2.34    (250 50) (350 150)
      M4       10.23    (300 50) (400 150)
      M4       11.13    (350 50) (450 150)
      M4        4.33    (400 50) (500 150)
      M4        2.98    (450 50) (550 150)
      M4        2.74    (500 50) (600 150)
      M4        4.76    (550 50) (650 150)
      M4        3.62    (600 50) (700 150)
      M4        2.39    (650 50) (750 150)
      M4        2.49    (700 50) (800 150)
      M4        1.56    (731.84 50) (831.84 150)
      M4        0.49    (0 100) (100 200)
      M4        3.94    (50 100) (150 200)
      M4        5.83    (100 100) (200 200)
      M4        5.32    (150 100) (250 200)
      M4        4.70    (200 100) (300 200)
      M4        3.56    (250 100) (350 200)
      M4       10.30    (300 100) (400 200)
      M4       11.21    (350 100) (450 200)
      M4        6.09    (400 100) (500 200)
      M4        4.79    (450 100) (550 200)
      M4        4.86    (500 100) (600 200)
      M4        7.46    (550 100) (650 200)
      M4        5.71    (600 100) (700 200)
      M4        5.14    (650 100) (750 200)
      M4        5.66    (700 100) (800 200)
      M4        3.42    (731.84 100) (831.84 200)
      M4        0.96    (0 150) (100 250)
      M4        4.53    (50 150) (150 250)
      M4        6.12    (100 150) (200 250)
      M4        5.94    (150 150) (250 250)
      M4        5.55    (200 150) (300 250)
      M4        4.19    (250 150) (350 250)
      M4        9.38    (300 150) (400 250)
      M4       10.23    (350 150) (450 250)
      M4        6.65    (400 150) (500 250)
      M4        6.15    (450 150) (550 250)
      M4        6.41    (500 150) (600 250)
      M4        8.03    (550 150) (650 250)
      M4        6.07    (600 150) (700 250)
      M4        6.78    (650 150) (750 250)
      M4        8.46    (700 150) (800 250)
      M4        5.49    (731.84 150) (831.84 250)
      M4        1.44    (0 200) (100 300)
      M4        5.27    (50 200) (150 300)
      M4        6.69    (100 200) (200 300)
      M4        6.11    (150 200) (250 300)
      M4        5.44    (200 200) (300 300)
      M4        3.79    (250 200) (350 300)
      M4        7.36    (300 200) (400 300)
      M4        9.03    (350 200) (450 300)
      M4        7.81    (400 200) (500 300)
      M4        7.13    (450 200) (550 300)
      M4        6.76    (500 200) (600 300)
      M4        8.23    (550 200) (650 300)
      M4        5.98    (600 200) (700 300)
      M4        7.50    (650 200) (750 300)
      M4        9.48    (700 200) (800 300)
      M4        5.90    (731.84 200) (831.84 300)
      M4        1.48    (0 250) (100 350)
      M4        6.17    (50 250) (150 350)
      M4        7.61    (100 250) (200 350)
      M4        6.23    (150 250) (250 350)
      M4        5.22    (200 250) (300 350)
      M4        3.68    (250 250) (350 350)
      M4        5.85    (300 250) (400 350)
      M4        7.27    (350 250) (450 350)
      M4        8.05    (400 250) (500 350)
      M4        7.04    (450 250) (550 350)
      M4        6.27    (500 250) (600 350)
      M4        8.46    (550 250) (650 350)
      M4        6.22    (600 250) (700 350)
      M4        8.27    (650 250) (750 350)
      M4        9.78    (700 250) (800 350)
      M4        5.32    (731.84 250) (831.84 350)
      M4        2.09    (0 300) (100 400)
      M4        7.40    (50 300) (150 400)
      M4        8.21    (100 300) (200 400)
      M4        6.85    (150 300) (250 400)
      M4        6.24    (200 300) (300 400)
      M4        5.08    (250 300) (350 400)
      M4        6.38    (300 300) (400 400)
      M4        6.18    (350 300) (450 400)
      M4        7.29    (400 300) (500 400)
      M4        7.32    (450 300) (550 400)
      M4        6.41    (500 300) (600 400)
      M4        8.68    (550 300) (650 400)
      M4        6.87    (600 300) (700 400)
      M4        8.59    (650 300) (750 400)
      M4        9.98    (700 300) (800 400)
      M4        5.50    (731.84 300) (831.84 400)
      M4        2.58    (0 350) (100 450)
      M4        7.02    (50 350) (150 450)
      M4        6.50    (100 350) (200 450)
      M4        6.36    (150 350) (250 450)
      M4        7.04    (200 350) (300 450)
      M4        6.16    (250 350) (350 450)
      M4        6.40    (300 350) (400 450)
      M4        5.50    (350 350) (450 450)
      M4        7.07    (400 350) (500 450)
      M4        7.67    (450 350) (550 450)
      M4        6.02    (500 350) (600 450)
      M4        7.25    (550 350) (650 450)
      M4        6.69    (600 350) (700 450)
      M4        8.54    (650 350) (750 450)
      M4        9.63    (700 350) (800 450)
      M4        5.73    (731.84 350) (831.84 450)
      M4        2.52    (0 400) (100 500)
      M4        7.17    (50 400) (150 500)
      M4        7.03    (100 400) (200 500)
      M4        7.69    (150 400) (250 500)
      M4        8.53    (200 400) (300 500)
      M4        6.38    (250 400) (350 500)
      M4        5.38    (300 400) (400 500)
      M4        5.63    (350 400) (450 500)
      M4        7.59    (400 400) (500 500)
      M4        7.50    (450 400) (550 500)
      M4        5.52    (500 400) (600 500)
      M4        6.24    (550 400) (650 500)
      M4        7.50    (600 400) (700 500)
      M4        8.26    (650 400) (750 500)
      M4        8.07    (700 400) (800 500)
      M4        5.15    (731.84 400) (831.84 500)
      M4        3.08    (0 450) (100 550)
      M4        9.99    (50 450) (150 550)
      M4       10.25    (100 450) (200 550)
      M4        9.70    (150 450) (250 550)
      M4       10.04    (200 450) (300 550)
      M4        6.86    (250 450) (350 550)
      M4        6.00    (300 450) (400 550)
      M4        7.90    (350 450) (450 550)
      M4        8.49    (400 450) (500 550)
      M4        6.95    (450 450) (550 550)
      M4        6.23    (500 450) (600 550)
      M4        7.98    (550 450) (650 550)
      M4       10.75    (600 450) (700 550)
      M4        8.24    (650 450) (750 550)
      M4        5.64    (700 450) (800 550)
      M4        3.83    (731.84 450) (831.84 550)
      M4        3.48    (0 500) (100 600)
      M4       11.06    (50 500) (150 600)
      M4       10.72    (100 500) (200 600)
      M4        9.04    (150 500) (250 600)
      M4        9.83    (200 500) (300 600)
      M4        7.51    (250 500) (350 600)
      M4        7.75    (300 500) (400 600)
      M4        9.56    (350 500) (450 600)
      M4        8.93    (400 500) (500 600)
      M4        7.51    (450 500) (550 600)
      M4        6.78    (500 500) (600 600)
      M4        8.85    (550 500) (650 600)
      M4       12.89    (600 500) (700 600)
      M4        8.94    (650 500) (750 600)
      M4        3.73    (700 500) (800 600)
      M4        1.95    (731.84 500) (831.84 600)
      M4        3.13    (0 550) (100 650)
      M4       10.07    (50 550) (150 650)
      M4       10.26    (100 550) (200 650)
      M4        8.94    (150 550) (250 650)
      M4       10.69    (200 550) (300 650)
      M4        9.14    (250 550) (350 650)
      M4        9.93    (300 550) (400 650)
      M4       10.64    (350 550) (450 650)
      M4        8.92    (400 550) (500 650)
      M4        8.63    (450 550) (550 650)
      M4        7.50    (500 550) (600 650)
      M4        8.59    (550 550) (650 650)
      M4       11.67    (600 550) (700 650)
      M4        7.69    (650 550) (750 650)
      M4        2.01    (700 550) (800 650)
      M4        0.53    (731.84 550) (831.84 650)
      M4        2.22    (0 600) (100 700)
      M4        8.86    (50 600) (150 700)
      M4       10.67    (100 600) (200 700)
      M4        9.89    (150 600) (250 700)
      M4       11.78    (200 600) (300 700)
      M4       10.11    (250 600) (350 700)
      M4       11.19    (300 600) (400 700)
      M4       11.16    (350 600) (450 700)
      M4        8.96    (400 600) (500 700)
      M4        9.69    (450 600) (550 700)
      M4        9.08    (500 600) (600 700)
      M4        9.44    (550 600) (650 700)
      M4       10.45    (600 600) (700 700)
      M4        6.57    (650 600) (750 700)
      M4        1.36    (700 600) (800 700)
      M4        0.18    (731.84 600) (831.84 700)
      M4        1.01    (0 650) (100 750)
      M4        6.00    (50 650) (150 750)
      M4        8.21    (100 650) (200 750)
      M4        7.27    (150 650) (250 750)
      M4        8.23    (200 650) (300 750)
      M4        6.59    (250 650) (350 750)
      M4        8.97    (300 650) (400 750)
      M4        9.20    (350 650) (450 750)
      M4        6.21    (400 650) (500 750)
      M4        8.12    (450 650) (550 750)
      M4        8.18    (500 650) (600 750)
      M4        7.48    (550 650) (650 750)
      M4        7.68    (600 650) (700 750)
      M4        5.13    (650 650) (750 750)
      M4        1.30    (700 650) (800 750)
      M4        0.11    (731.84 650) (831.84 750)
      M4        0.18    (0 700) (100 800)
      M4        2.12    (50 700) (150 800)
      M4        3.11    (100 700) (200 800)
      M4        2.33    (150 700) (250 800)
      M4        2.52    (200 700) (300 800)
      M4        1.97    (250 700) (350 800)
      M4        5.16    (300 700) (400 800)
      M4        5.66    (350 700) (450 800)
      M4        2.09    (400 700) (500 800)
      M4        3.21    (450 700) (550 800)
      M4        3.35    (500 700) (600 800)
      M4        2.31    (550 700) (650 800)
      M4        2.49    (600 700) (700 800)
      M4        1.81    (650 700) (750 800)
      M4        0.50    (700 700) (800 800)
      M4        0.00    (731.84 700) (831.84 800)
      M4        0.09    (0 719.92) (100 819.92)
      M4        1.17    (50 719.92) (150 819.92)
      M4        1.74    (100 719.92) (200 819.92)
      M4        1.33    (150 719.92) (250 819.92)
      M4        1.44    (200 719.92) (300 819.92)
      M4        1.21    (250 719.92) (350 819.92)
      M4        4.16    (300 719.92) (400 819.92)
      M4        4.54    (350 719.92) (450 819.92)
      M4        1.35    (400 719.92) (500 819.92)
      M4        1.72    (450 719.92) (550 819.92)
      M4        1.80    (500 719.92) (600 819.92)
      M4        1.04    (550 719.92) (650 819.92)
      M4        1.02    (600 719.92) (700 819.92)
      M4        0.86    (650 719.92) (750 819.92)
      M4        0.28    (700 719.92) (800 819.92)
      M4        0.00    (731.84 719.92) (831.84 819.92)

      M3        0.13    (0 0) (100 100)
      M3        1.34    (50 0) (150 100)
      M3        3.46    (100 0) (200 100)
      M3        5.32    (150 0) (250 100)
      M3        6.39    (200 0) (300 100)
      M3        6.85    (250 0) (350 100)
      M3        7.69    (300 0) (400 100)
      M3        8.27    (350 0) (450 100)
      M3        7.11    (400 0) (500 100)
      M3        5.61    (450 0) (550 100)
      M3        5.66    (500 0) (600 100)
      M3        4.66    (550 0) (650 100)
      M3        1.80    (600 0) (700 100)
      M3        1.50    (650 0) (750 100)
      M3        1.79    (700 0) (800 100)
      M3        1.01    (731.84 0) (831.84 100)
      M3        0.48    (0 50) (100 150)
      M3        2.95    (50 50) (150 150)
      M3        6.55    (100 50) (200 150)
      M3        9.11    (150 50) (250 150)
      M3       10.48    (200 50) (300 150)
      M3       10.96    (250 50) (350 150)
      M3       11.60    (300 50) (400 150)
      M3       12.00    (350 50) (450 150)
      M3       11.04    (400 50) (500 150)
      M3        8.96    (450 50) (550 150)
      M3        8.73    (500 50) (600 150)
      M3        8.35    (550 50) (650 150)
      M3        4.35    (600 50) (700 150)
      M3        3.51    (650 50) (750 150)
      M3        3.59    (700 50) (800 150)
      M3        1.95    (731.84 50) (831.84 150)
      M3        0.74    (0 100) (100 200)
      M3        3.59    (50 100) (150 200)
      M3        7.02    (100 100) (200 200)
      M3        8.47    (150 100) (250 200)
      M3        9.06    (200 100) (300 200)
      M3        9.88    (250 100) (350 200)
      M3       10.18    (300 100) (400 200)
      M3        9.28    (350 100) (450 200)
      M3        9.17    (400 100) (500 200)
      M3        9.52    (450 100) (550 200)
      M3        9.11    (500 100) (600 200)
      M3        8.14    (550 100) (650 200)
      M3        4.84    (600 100) (700 200)
      M3        4.29    (650 100) (750 200)
      M3        4.60    (700 100) (800 200)
      M3        2.60    (731.84 100) (831.84 200)
      M3        0.64    (0 150) (100 250)
      M3        3.61    (50 150) (150 250)
      M3        7.37    (100 150) (200 250)
      M3        8.69    (150 150) (250 250)
      M3        8.80    (200 150) (300 250)
      M3        9.44    (250 150) (350 250)
      M3       10.02    (300 150) (400 250)
      M3        9.16    (350 150) (450 250)
      M3        8.64    (400 150) (500 250)
      M3        9.09    (450 150) (550 250)
      M3        8.24    (500 150) (600 250)
      M3        6.35    (550 150) (650 250)
      M3        3.57    (600 150) (700 250)
      M3        4.15    (650 150) (750 250)
      M3        5.44    (700 150) (800 250)
      M3        3.40    (731.84 150) (831.84 250)
      M3        0.63    (0 200) (100 300)
      M3        3.39    (50 200) (150 300)
      M3        6.39    (100 200) (200 300)
      M3        7.33    (150 200) (250 300)
      M3        8.56    (200 200) (300 300)
      M3        9.34    (250 200) (350 300)
      M3        9.63    (300 200) (400 300)
      M3        9.24    (350 200) (450 300)
      M3        8.23    (400 200) (500 300)
      M3        7.90    (450 200) (550 300)
      M3        7.17    (500 200) (600 300)
      M3        6.24    (550 200) (650 300)
      M3        3.58    (600 200) (700 300)
      M3        3.43    (650 200) (750 300)
      M3        4.43    (700 200) (800 300)
      M3        2.72    (731.84 200) (831.84 300)
      M3        0.50    (0 250) (100 350)
      M3        2.82    (50 250) (150 350)
      M3        5.82    (100 250) (200 350)
      M3        6.88    (150 250) (250 350)
      M3        8.11    (200 250) (300 350)
      M3        9.23    (250 250) (350 350)
      M3        9.19    (300 250) (400 350)
      M3        9.27    (350 250) (450 350)
      M3        8.97    (400 250) (500 350)
      M3        8.41    (450 250) (550 350)
      M3        7.30    (500 250) (600 350)
      M3        6.38    (550 250) (650 350)
      M3        4.24    (600 250) (700 350)
      M3        3.58    (650 250) (750 350)
      M3        3.84    (700 250) (800 350)
      M3        2.47    (731.84 250) (831.84 350)
      M3        1.20    (0 300) (100 400)
      M3        3.30    (50 300) (150 400)
      M3        6.82    (100 300) (200 400)
      M3        8.75    (150 300) (250 400)
      M3        9.25    (200 300) (300 400)
      M3       10.11    (250 300) (350 400)
      M3       10.13    (300 300) (400 400)
      M3        9.53    (350 300) (450 400)
      M3        9.32    (400 300) (500 400)
      M3        8.33    (450 300) (550 400)
      M3        7.28    (500 300) (600 400)
      M3        6.70    (550 300) (650 400)
      M3        4.54    (600 300) (700 400)
      M3        4.70    (650 300) (750 400)
      M3        5.05    (700 300) (800 400)
      M3        3.59    (731.84 300) (831.84 400)
      M3        2.76    (0 350) (100 450)
      M3        4.31    (50 350) (150 450)
      M3        7.35    (100 350) (200 450)
      M3       10.43    (150 350) (250 450)
      M3       11.42    (200 350) (300 450)
      M3       10.82    (250 350) (350 450)
      M3       10.25    (300 350) (400 450)
      M3        9.74    (350 350) (450 450)
      M3        9.84    (400 350) (500 450)
      M3        9.05    (450 350) (550 450)
      M3        8.27    (500 350) (600 450)
      M3        7.80    (550 350) (650 450)
      M3        5.13    (600 350) (700 450)
      M3        5.11    (650 350) (750 450)
      M3        5.29    (700 350) (800 450)
      M3        3.55    (731.84 350) (831.84 450)
      M3        1.86    (0 400) (100 500)
      M3        3.64    (50 400) (150 500)
      M3        6.34    (100 400) (200 500)
      M3        9.11    (150 400) (250 500)
      M3       10.68    (200 400) (300 500)
      M3       10.03    (250 400) (350 500)
      M3        9.42    (300 400) (400 500)
      M3       10.28    (350 400) (450 500)
      M3       10.70    (400 400) (500 500)
      M3       10.27    (450 400) (550 500)
      M3        9.85    (500 400) (600 500)
      M3        8.14    (550 400) (650 500)
      M3        5.57    (600 400) (700 500)
      M3        5.02    (650 400) (750 500)
      M3        4.44    (700 400) (800 500)
      M3        2.90    (731.84 400) (831.84 500)
      M3        0.47    (0 450) (100 550)
      M3        2.74    (50 450) (150 550)
      M3        5.06    (100 450) (200 550)
      M3        6.99    (150 450) (250 550)
      M3        8.82    (200 450) (300 550)
      M3        8.54    (250 450) (350 550)
      M3        8.37    (300 450) (400 550)
      M3        9.77    (350 450) (450 550)
      M3       10.11    (400 450) (500 550)
      M3        9.82    (450 450) (550 550)
      M3        9.37    (500 450) (600 550)
      M3        7.85    (550 450) (650 550)
      M3        6.12    (600 450) (700 550)
      M3        4.76    (650 450) (750 550)
      M3        3.55    (700 450) (800 550)
      M3        2.52    (731.84 450) (831.84 550)
      M3        0.80    (0 500) (100 600)
      M3        3.51    (50 500) (150 600)
      M3        5.48    (100 500) (200 600)
      M3        6.41    (150 500) (250 600)
      M3        7.68    (200 500) (300 600)
      M3        7.62    (250 500) (350 600)
      M3        7.77    (300 500) (400 600)
      M3        9.31    (350 500) (450 600)
      M3       10.18    (400 500) (500 600)
      M3        9.98    (450 500) (550 600)
      M3        8.96    (500 500) (600 600)
      M3        7.87    (550 500) (650 600)
      M3        7.26    (600 500) (700 600)
      M3        4.96    (650 500) (750 600)
      M3        2.87    (700 500) (800 600)
      M3        2.35    (731.84 500) (831.84 600)
      M3        0.82    (0 550) (100 650)
      M3        3.94    (50 550) (150 650)
      M3        6.53    (100 550) (200 650)
      M3        6.90    (150 550) (250 650)
      M3        7.16    (200 550) (300 650)
      M3        7.79    (250 550) (350 650)
      M3        8.33    (300 550) (400 650)
      M3        9.63    (350 550) (450 650)
      M3       10.24    (400 550) (500 650)
      M3        9.72    (450 550) (550 650)
      M3        9.00    (500 550) (600 650)
      M3        7.90    (550 550) (650 650)
      M3        6.92    (600 550) (700 650)
      M3        4.37    (650 550) (750 650)
      M3        1.93    (700 550) (800 650)
      M3        1.38    (731.84 550) (831.84 650)
      M3        0.59    (0 600) (100 700)
      M3        2.99    (50 600) (150 700)
      M3        5.83    (100 600) (200 700)
      M3        7.26    (150 600) (250 700)
      M3        7.38    (200 600) (300 700)
      M3        7.68    (250 600) (350 700)
      M3        8.26    (300 600) (400 700)
      M3        9.29    (350 600) (450 700)
      M3        9.97    (400 600) (500 700)
      M3        8.80    (450 600) (550 700)
      M3        7.61    (500 600) (600 700)
      M3        7.31    (550 600) (650 700)
      M3        6.67    (600 600) (700 700)
      M3        4.20    (650 600) (750 700)
      M3        1.26    (700 600) (800 700)
      M3        0.12    (731.84 600) (831.84 700)
      M3        0.43    (0 650) (100 750)
      M3        2.64    (50 650) (150 750)
      M3        5.41    (100 650) (200 750)
      M3        7.26    (150 650) (250 750)
      M3        7.90    (200 650) (300 750)
      M3        8.29    (250 650) (350 750)
      M3        8.86    (300 650) (400 750)
      M3        8.92    (350 650) (450 750)
      M3        9.02    (400 650) (500 750)
      M3        8.43    (450 650) (550 750)
      M3        7.62    (500 650) (600 750)
      M3        7.50    (550 650) (650 750)
      M3        7.98    (600 650) (700 750)
      M3        6.36    (650 650) (750 750)
      M3        2.18    (700 650) (800 750)
      M3        0.20    (731.84 650) (831.84 750)
      M3        0.28    (0 700) (100 800)
      M3        2.23    (50 700) (150 800)
      M3        4.49    (100 700) (200 800)
      M3        6.18    (150 700) (250 800)
      M3        7.51    (200 700) (300 800)
      M3        7.96    (250 700) (350 800)
      M3        8.12    (300 700) (400 800)
      M3        7.66    (350 700) (450 800)
      M3        7.18    (400 700) (500 800)
      M3        7.31    (450 700) (550 800)
      M3        7.09    (500 700) (600 800)
      M3        5.96    (550 700) (650 800)
      M3        6.03    (600 700) (700 800)
      M3        5.12    (650 700) (750 800)
      M3        1.74    (700 700) (800 800)
      M3        0.17    (731.84 700) (831.84 800)
      M3        0.21    (0 719.92) (100 819.92)
      M3        1.67    (50 719.92) (150 819.92)
      M3        3.21    (100 719.92) (200 819.92)
      M3        4.44    (150 719.92) (250 819.92)
      M3        5.70    (200 719.92) (300 819.92)
      M3        6.01    (250 719.92) (350 819.92)
      M3        5.94    (300 719.92) (400 819.92)
      M3        5.30    (350 719.92) (450 819.92)
      M3        5.04    (400 719.92) (500 819.92)
      M3        5.65    (450 719.92) (550 819.92)
      M3        5.64    (500 719.92) (600 819.92)
      M3        4.56    (550 719.92) (650 819.92)
      M3        4.52    (600 719.92) (700 819.92)
      M3        3.82    (650 719.92) (750 819.92)
      M3        1.20    (700 719.92) (800 819.92)
      M3        0.10    (731.84 719.92) (831.84 819.92)

      M2        0.77    (0 0) (100 100)
      M2        2.59    (50 0) (150 100)
      M2        3.97    (100 0) (200 100)
      M2        4.01    (150 0) (250 100)
      M2        3.80    (200 0) (300 100)
      M2        3.85    (250 0) (350 100)
      M2        5.16    (300 0) (400 100)
      M2        6.06    (350 0) (450 100)
      M2        5.53    (400 0) (500 100)
      M2        4.54    (450 0) (550 100)
      M2        4.17    (500 0) (600 100)
      M2        4.52    (550 0) (650 100)
      M2        2.60    (600 0) (700 100)
      M2        2.01    (650 0) (750 100)
      M2        2.50    (700 0) (800 100)
      M2        1.47    (731.84 0) (831.84 100)
      M2        1.97    (0 50) (100 150)
      M2        6.18    (50 50) (150 150)
      M2        8.58    (100 50) (200 150)
      M2        8.35    (150 50) (250 150)
      M2        7.71    (200 50) (300 150)
      M2        7.08    (250 50) (350 150)
      M2        6.78    (300 50) (400 150)
      M2        7.12    (350 50) (450 150)
      M2        8.11    (400 50) (500 150)
      M2        7.99    (450 50) (550 150)
      M2        8.44    (500 50) (600 150)
      M2        9.36    (550 50) (650 150)
      M2        6.12    (600 50) (700 150)
      M2        4.73    (650 50) (750 150)
      M2        5.49    (700 50) (800 150)
      M2        3.32    (731.84 50) (831.84 150)
      M2        2.51    (0 100) (100 200)
      M2        7.62    (50 100) (150 200)
      M2        9.75    (100 100) (200 200)
      M2        9.16    (150 100) (250 200)
      M2        8.74    (200 100) (300 200)
      M2        8.02    (250 100) (350 200)
      M2        7.43    (300 100) (400 200)
      M2        7.85    (350 100) (450 200)
      M2        8.78    (400 100) (500 200)
      M2        8.66    (450 100) (550 200)
      M2        9.51    (500 100) (600 200)
      M2       10.21    (550 100) (650 200)
      M2        7.38    (600 100) (700 200)
      M2        5.87    (650 100) (750 200)
      M2        6.28    (700 100) (800 200)
      M2        4.05    (731.84 100) (831.84 200)
      M2        2.32    (0 150) (100 250)
      M2        6.91    (50 150) (150 250)
      M2        9.21    (100 150) (200 250)
      M2        9.02    (150 150) (250 250)
      M2        8.56    (200 150) (300 250)
      M2        7.98    (250 150) (350 250)
      M2        7.87    (300 150) (400 250)
      M2        8.07    (350 150) (450 250)
      M2        8.79    (400 150) (500 250)
      M2        8.91    (450 150) (550 250)
      M2        8.97    (500 150) (600 250)
      M2        9.12    (550 150) (650 250)
      M2        7.04    (600 150) (700 250)
      M2        6.48    (650 150) (750 250)
      M2        6.69    (700 150) (800 250)
      M2        4.23    (731.84 150) (831.84 250)
      M2        2.27    (0 200) (100 300)
      M2        6.57    (50 200) (150 300)
      M2        9.00    (100 200) (200 300)
      M2        8.99    (150 200) (250 300)
      M2        8.39    (200 200) (300 300)
      M2        7.84    (250 200) (350 300)
      M2        8.07    (300 200) (400 300)
      M2        8.14    (350 200) (450 300)
      M2        8.57    (400 200) (500 300)
      M2        8.88    (450 200) (550 300)
      M2        8.62    (500 200) (600 300)
      M2        8.51    (550 200) (650 300)
      M2        6.50    (600 200) (700 300)
      M2        5.99    (650 200) (750 300)
      M2        6.35    (700 200) (800 300)
      M2        4.03    (731.84 200) (831.84 300)
      M2        2.07    (0 250) (100 350)
      M2        6.23    (50 250) (150 350)
      M2        8.72    (100 250) (200 350)
      M2        8.63    (150 250) (250 350)
      M2        8.12    (200 250) (300 350)
      M2        8.10    (250 250) (350 350)
      M2        8.25    (300 250) (400 350)
      M2        8.30    (350 250) (450 350)
      M2        8.86    (400 250) (500 350)
      M2        8.75    (450 250) (550 350)
      M2        8.13    (500 250) (600 350)
      M2        8.08    (550 250) (650 350)
      M2        6.28    (600 250) (700 350)
      M2        5.85    (650 250) (750 350)
      M2        6.20    (700 250) (800 350)
      M2        4.07    (731.84 250) (831.84 350)
      M2        1.67    (0 300) (100 400)
      M2        5.95    (50 300) (150 400)
      M2        8.76    (100 300) (200 400)
      M2        8.40    (150 300) (250 400)
      M2        7.68    (200 300) (300 400)
      M2        7.84    (250 300) (350 400)
      M2        8.25    (300 300) (400 400)
      M2        8.40    (350 300) (450 400)
      M2        9.00    (400 300) (500 400)
      M2        8.60    (450 300) (550 400)
      M2        7.85    (500 300) (600 400)
      M2        7.61    (550 300) (650 400)
      M2        6.49    (600 300) (700 400)
      M2        6.65    (650 300) (750 400)
      M2        6.56    (700 300) (800 400)
      M2        4.23    (731.84 300) (831.84 400)
      M2        1.66    (0 350) (100 450)
      M2        6.06    (50 350) (150 450)
      M2        8.41    (100 350) (200 450)
      M2        8.20    (150 350) (250 450)
      M2        8.09    (200 350) (300 450)
      M2        7.41    (250 350) (350 450)
      M2        7.67    (300 350) (400 450)
      M2        8.03    (350 350) (450 450)
      M2        8.67    (400 350) (500 450)
      M2        8.73    (450 350) (550 450)
      M2        7.86    (500 350) (600 450)
      M2        7.47    (550 350) (650 450)
      M2        6.91    (600 350) (700 450)
      M2        7.05    (650 350) (750 450)
      M2        6.92    (700 350) (800 450)
      M2        4.36    (731.84 350) (831.84 450)
      M2        2.05    (0 400) (100 500)
      M2        6.14    (50 400) (150 500)
      M2        8.08    (100 400) (200 500)
      M2        8.63    (150 400) (250 500)
      M2        8.53    (200 400) (300 500)
      M2        7.63    (250 400) (350 500)
      M2        8.03    (300 400) (400 500)
      M2        8.24    (350 400) (450 500)
      M2        8.60    (400 400) (500 500)
      M2        8.99    (450 400) (550 500)
      M2        8.17    (500 400) (600 500)
      M2        7.76    (550 400) (650 500)
      M2        7.58    (600 400) (700 500)
      M2        7.23    (650 400) (750 500)
      M2        7.01    (700 400) (800 500)
      M2        4.66    (731.84 400) (831.84 500)
      M2        2.33    (0 450) (100 550)
      M2        6.90    (50 450) (150 550)
      M2        9.20    (100 450) (200 550)
      M2        9.64    (150 450) (250 550)
      M2        9.16    (200 450) (300 550)
      M2        8.56    (250 450) (350 550)
      M2        8.96    (300 450) (400 550)
      M2        9.10    (350 450) (450 550)
      M2        9.27    (400 450) (500 550)
      M2        9.48    (450 450) (550 550)
      M2        8.91    (500 450) (600 550)
      M2        8.63    (550 450) (650 550)
      M2        8.67    (600 450) (700 550)
      M2        7.38    (650 450) (750 550)
      M2        6.35    (700 450) (800 550)
      M2        4.29    (731.84 450) (831.84 550)
      M2        2.30    (0 500) (100 600)
      M2        7.09    (50 500) (150 600)
      M2        9.25    (100 500) (200 600)
      M2        9.33    (150 500) (250 600)
      M2        9.16    (200 500) (300 600)
      M2        8.35    (250 500) (350 600)
      M2        8.16    (300 500) (400 600)
      M2        8.51    (350 500) (450 600)
      M2        8.91    (400 500) (500 600)
      M2        9.10    (450 500) (550 600)
      M2        8.52    (500 500) (600 600)
      M2        8.61    (550 500) (650 600)
      M2        9.31    (600 500) (700 600)
      M2        7.41    (650 500) (750 600)
      M2        5.12    (700 500) (800 600)
      M2        2.91    (731.84 500) (831.84 600)
      M2        2.01    (0 550) (100 650)
      M2        6.56    (50 550) (150 650)
      M2        8.77    (100 550) (200 650)
      M2        9.06    (150 550) (250 650)
      M2        9.17    (200 550) (300 650)
      M2        8.05    (250 550) (350 650)
      M2        7.25    (300 550) (400 650)
      M2        8.04    (350 550) (450 650)
      M2        8.73    (400 550) (500 650)
      M2        8.20    (450 550) (550 650)
      M2        7.66    (500 550) (600 650)
      M2        7.91    (550 550) (650 650)
      M2        8.60    (600 550) (700 650)
      M2        6.83    (650 550) (750 650)
      M2        3.39    (700 550) (800 650)
      M2        1.26    (731.84 550) (831.84 650)
      M2        1.47    (0 600) (100 700)
      M2        5.54    (50 600) (150 700)
      M2        8.01    (100 600) (200 700)
      M2        8.82    (150 600) (250 700)
      M2        9.47    (200 600) (300 700)
      M2        8.21    (250 600) (350 700)
      M2        7.38    (300 600) (400 700)
      M2        8.69    (350 600) (450 700)
      M2        9.44    (400 600) (500 700)
      M2        8.26    (450 600) (550 700)
      M2        7.21    (500 600) (600 700)
      M2        7.06    (550 600) (650 700)
      M2        7.56    (600 600) (700 700)
      M2        6.75    (650 600) (750 700)
      M2        2.83    (700 600) (800 700)
      M2        0.51    (731.84 600) (831.84 700)
      M2        1.48    (0 650) (100 750)
      M2        5.38    (50 650) (150 750)
      M2        7.27    (100 650) (200 750)
      M2        8.19    (150 650) (250 750)
      M2        9.47    (200 650) (300 750)
      M2        8.44    (250 650) (350 750)
      M2        7.93    (300 650) (400 750)
      M2        8.27    (350 650) (450 750)
      M2        8.72    (400 650) (500 750)
      M2        8.52    (450 650) (550 750)
      M2        7.60    (500 650) (600 750)
      M2        7.31    (550 650) (650 750)
      M2        7.28    (600 650) (700 750)
      M2        7.03    (650 650) (750 750)
      M2        3.38    (700 650) (800 750)
      M2        0.88    (731.84 650) (831.84 750)
      M2        1.12    (0 700) (100 800)
      M2        4.10    (50 700) (150 800)
      M2        5.17    (100 700) (200 800)
      M2        5.28    (150 700) (250 800)
      M2        6.36    (200 700) (300 800)
      M2        6.27    (250 700) (350 800)
      M2        6.67    (300 700) (400 800)
      M2        6.35    (350 700) (450 800)
      M2        5.74    (400 700) (500 800)
      M2        5.83    (450 700) (550 800)
      M2        5.34    (500 700) (600 800)
      M2        5.18    (550 700) (650 800)
      M2        4.91    (600 700) (700 800)
      M2        4.51    (650 700) (750 800)
      M2        2.20    (700 700) (800 800)
      M2        0.56    (731.84 700) (831.84 800)
      M2        0.77    (0 719.92) (100 819.92)
      M2        2.94    (50 719.92) (150 819.92)
      M2        3.80    (100 719.92) (200 819.92)
      M2        3.75    (150 719.92) (250 819.92)
      M2        4.47    (200 719.92) (300 819.92)
      M2        4.61    (250 719.92) (350 819.92)
      M2        5.50    (300 719.92) (400 819.92)
      M2        5.43    (350 719.92) (450 819.92)
      M2        4.34    (400 719.92) (500 819.92)
      M2        4.06    (450 719.92) (550 819.92)
      M2        3.63    (500 719.92) (600 819.92)
      M2        3.54    (550 719.92) (650 819.92)
      M2        3.46    (600 719.92) (700 819.92)
      M2        3.02    (650 719.92) (750 819.92)
      M2        1.38    (700 719.92) (800 819.92)
      M2        0.29    (731.84 719.92) (831.84 819.92)

      M1        4.02    (0 0) (100 100)
      M1        8.54    (50 0) (150 100)
      M1       10.09    (100 0) (200 100)
      M1       10.18    (150 0) (250 100)
      M1       10.16    (200 0) (300 100)
      M1       10.13    (250 0) (350 100)
      M1       10.83    (300 0) (400 100)
      M1       11.32    (350 0) (450 100)
      M1       11.24    (400 0) (500 100)
      M1       11.08    (450 0) (550 100)
      M1       11.11    (500 0) (600 100)
      M1       11.23    (550 0) (650 100)
      M1        8.82    (600 0) (700 100)
      M1        8.11    (650 0) (750 100)
      M1        8.37    (700 0) (800 100)
      M1        5.36    (731.84 0) (831.84 100)
      M1        7.48    (0 50) (100 150)
      M1       15.85    (50 50) (150 150)
      M1       18.49    (100 50) (200 150)
      M1       18.26    (150 50) (250 150)
      M1       17.28    (200 50) (300 150)
      M1       16.08    (250 50) (350 150)
      M1       16.56    (300 50) (400 150)
      M1       17.63    (350 50) (450 150)
      M1       18.25    (400 50) (500 150)
      M1       18.11    (450 50) (550 150)
      M1       18.14    (500 50) (600 150)
      M1       18.87    (550 50) (650 150)
      M1       15.71    (600 50) (700 150)
      M1       15.32    (650 50) (750 150)
      M1       15.77    (700 50) (800 150)
      M1        9.91    (731.84 50) (831.84 150)
      M1        7.94    (0 100) (100 200)
      M1       16.67    (50 100) (150 200)
      M1       18.71    (100 100) (200 200)
      M1       18.75    (150 100) (250 200)
      M1       18.57    (200 100) (300 200)
      M1       16.92    (250 100) (350 200)
      M1       16.77    (300 100) (400 200)
      M1       18.21    (350 100) (450 200)
      M1       19.45    (400 100) (500 200)
      M1       19.00    (450 100) (550 200)
      M1       18.75    (500 100) (600 200)
      M1       19.39    (550 100) (650 200)
      M1       16.24    (600 100) (700 200)
      M1       15.80    (650 100) (750 200)
      M1       16.43    (700 100) (800 200)
      M1       10.40    (731.84 100) (831.84 200)
      M1        7.80    (0 150) (100 250)
      M1       16.30    (50 150) (150 250)
      M1       18.49    (100 150) (200 250)
      M1       18.60    (150 150) (250 250)
      M1       18.92    (200 150) (300 250)
      M1       18.07    (250 150) (350 250)
      M1       18.02    (300 150) (400 250)
      M1       18.71    (350 150) (450 250)
      M1       19.22    (400 150) (500 250)
      M1       19.30    (450 150) (550 250)
      M1       19.26    (500 150) (600 250)
      M1       19.30    (550 150) (650 250)
      M1       16.05    (600 150) (700 250)
      M1       16.17    (650 150) (750 250)
      M1       17.24    (700 150) (800 250)
      M1       11.13    (731.84 150) (831.84 250)
      M1        7.84    (0 200) (100 300)
      M1       16.39    (50 200) (150 300)
      M1       19.07    (100 200) (200 300)
      M1       19.06    (150 200) (250 300)
      M1       18.54    (200 200) (300 300)
      M1       17.66    (250 200) (350 300)
      M1       17.98    (300 200) (400 300)
      M1       18.45    (350 200) (450 300)
      M1       18.70    (400 200) (500 300)
      M1       18.98    (450 200) (550 300)
      M1       18.66    (500 200) (600 300)
      M1       18.32    (550 200) (650 300)
      M1       15.61    (600 200) (700 300)
      M1       16.56    (650 200) (750 300)
      M1       17.25    (700 200) (800 300)
      M1       10.99    (731.84 200) (831.84 300)
      M1        7.79    (0 250) (100 350)
      M1       15.92    (50 250) (150 350)
      M1       18.45    (100 250) (200 350)
      M1       18.88    (150 250) (250 350)
      M1       18.31    (200 250) (300 350)
      M1       17.45    (250 250) (350 350)
      M1       17.53    (300 250) (400 350)
      M1       17.93    (350 250) (450 350)
      M1       18.91    (400 250) (500 350)
      M1       18.90    (450 250) (550 350)
      M1       18.07    (500 250) (600 350)
      M1       18.12    (550 250) (650 350)
      M1       15.63    (600 250) (700 350)
      M1       16.24    (650 250) (750 350)
      M1       17.01    (700 250) (800 350)
      M1       11.11    (731.84 250) (831.84 350)
      M1        8.01    (0 300) (100 400)
      M1       16.36    (50 300) (150 400)
      M1       18.78    (100 300) (200 400)
      M1       18.81    (150 300) (250 400)
      M1       18.22    (200 300) (300 400)
      M1       17.85    (250 300) (350 400)
      M1       18.28    (300 300) (400 400)
      M1       18.32    (350 300) (450 400)
      M1       19.02    (400 300) (500 400)
      M1       18.95    (450 300) (550 400)
      M1       18.03    (500 300) (600 400)
      M1       18.46    (550 300) (650 400)
      M1       16.54    (600 300) (700 400)
      M1       17.08    (650 300) (750 400)
      M1       17.85    (700 300) (800 400)
      M1       11.86    (731.84 300) (831.84 400)
      M1        7.85    (0 350) (100 450)
      M1       16.23    (50 350) (150 450)
      M1       18.54    (100 350) (200 450)
      M1       18.78    (150 350) (250 450)
      M1       18.97    (200 350) (300 450)
      M1       18.77    (250 350) (350 450)
      M1       19.12    (300 350) (400 450)
      M1       18.85    (350 350) (450 450)
      M1       19.32    (400 350) (500 450)
      M1       19.68    (450 350) (550 450)
      M1       18.45    (500 350) (600 450)
      M1       18.39    (550 350) (650 450)
      M1       16.81    (600 350) (700 450)
      M1       17.43    (650 350) (750 450)
      M1       17.87    (700 350) (800 450)
      M1       11.52    (731.84 350) (831.84 450)
      M1        7.59    (0 400) (100 500)
      M1       15.69    (50 400) (150 500)
      M1       18.14    (100 400) (200 500)
      M1       18.74    (150 400) (250 500)
      M1       19.47    (200 400) (300 500)
      M1       19.14    (250 400) (350 500)
      M1       18.61    (300 400) (400 500)
      M1       18.40    (350 400) (450 500)
      M1       18.99    (400 400) (500 500)
      M1       19.39    (450 400) (550 500)
      M1       18.07    (500 400) (600 500)
      M1       17.77    (550 400) (650 500)
      M1       17.00    (600 400) (700 500)
      M1       17.19    (650 400) (750 500)
      M1       16.72    (700 400) (800 500)
      M1       10.82    (731.84 400) (831.84 500)
      M1        7.85    (0 450) (100 550)
      M1       16.29    (50 450) (150 550)
      M1       18.57    (100 450) (200 550)
      M1       18.65    (150 450) (250 550)
      M1       19.09    (200 450) (300 550)
      M1       18.51    (250 450) (350 550)
      M1       17.79    (300 450) (400 550)
      M1       18.02    (350 450) (450 550)
      M1       18.31    (400 450) (500 550)
      M1       18.27    (450 450) (550 550)
      M1       17.70    (500 450) (600 550)
      M1       17.94    (550 450) (650 550)
      M1       18.18    (600 450) (700 550)
      M1       17.11    (650 450) (750 550)
      M1       14.99    (700 450) (800 550)
      M1       10.08    (731.84 450) (831.84 550)
      M1        8.33    (0 500) (100 600)
      M1       17.38    (50 500) (150 600)
      M1       19.58    (100 500) (200 600)
      M1       19.58    (150 500) (250 600)
      M1       19.91    (200 500) (300 600)
      M1       19.13    (250 500) (350 600)
      M1       18.18    (300 500) (400 600)
      M1       18.58    (350 500) (450 600)
      M1       19.18    (400 500) (500 600)
      M1       18.83    (450 500) (550 600)
      M1       18.56    (500 500) (600 600)
      M1       19.16    (550 500) (650 600)
      M1       19.45    (600 500) (700 600)
      M1       17.26    (650 500) (750 600)
      M1       14.15    (700 500) (800 600)
      M1        9.22    (731.84 500) (831.84 600)
      M1        8.02    (0 550) (100 650)
      M1       16.97    (50 550) (150 650)
      M1       19.67    (100 550) (200 650)
      M1       17.69    (300 550) (400 650)
      M1       17.95    (350 550) (450 650)
      M1       19.28    (400 550) (500 650)
      M1       18.67    (450 550) (550 650)
      M1       18.36    (500 550) (600 650)
      M1       18.70    (550 550) (650 650)
      M1       18.72    (600 550) (700 650)
      M1       16.90    (650 550) (750 650)
      M1       12.62    (700 550) (800 650)
      M1        7.06    (731.84 550) (831.84 650)
      M1        7.24    (0 600) (100 700)
      M1       15.45    (50 600) (150 700)
      M1       18.50    (100 600) (200 700)
      M1       19.15    (150 600) (250 700)
      M1       17.75    (300 600) (400 700)
      M1       17.88    (350 600) (450 700)
      M1       19.28    (400 600) (500 700)
      M1       18.72    (450 600) (550 700)
      M1       18.03    (500 600) (600 700)
      M1       17.71    (550 600) (650 700)
      M1       17.83    (600 600) (700 700)
      M1       17.06    (650 600) (750 700)
      M1       11.79    (700 600) (800 700)
      M1        5.92    (731.84 600) (831.84 700)
      M1        7.03    (0 650) (100 750)
      M1       15.01    (50 650) (150 750)
      M1       17.50    (100 650) (200 750)
      M1       17.47    (150 650) (250 750)
      M1       18.63    (200 650) (300 750)
      M1       18.51    (250 650) (350 750)
      M1       17.15    (300 650) (400 750)
      M1       17.50    (350 650) (450 750)
      M1       18.57    (400 650) (500 750)
      M1       18.68    (450 650) (550 750)
      M1       18.34    (500 650) (600 750)
      M1       17.71    (550 650) (650 750)
      M1       17.17    (600 650) (700 750)
      M1       17.22    (650 650) (750 750)
      M1       12.39    (700 650) (800 750)
      M1        6.30    (731.84 650) (831.84 750)
      M1        5.52    (0 700) (100 800)
      M1       11.87    (50 700) (150 800)
      M1       13.86    (100 700) (200 800)
      M1       13.57    (150 700) (250 800)
      M1       14.07    (200 700) (300 800)
      M1       14.38    (250 700) (350 800)
      M1       14.13    (300 700) (400 800)
      M1       14.29    (350 700) (450 800)
      M1       14.62    (400 700) (500 800)
      M1       14.52    (450 700) (550 800)
      M1       14.27    (500 700) (600 800)
      M1       13.83    (550 700) (650 800)
      M1       13.14    (600 700) (700 800)
      M1       12.98    (650 700) (750 800)
      M1        9.42    (700 700) (800 800)
      M1        4.75    (731.84 700) (831.84 800)
      M1        4.00    (0 719.92) (100 819.92)
      M1        8.81    (50 719.92) (150 819.92)
      M1       10.55    (100 719.92) (200 819.92)
      M1       10.37    (150 719.92) (250 819.92)
      M1       10.65    (200 719.92) (300 819.92)
      M1       10.94    (250 719.92) (350 819.92)
      M1       10.94    (300 719.92) (400 819.92)
      M1       11.12    (350 719.92) (450 819.92)
      M1       11.32    (400 719.92) (500 819.92)
      M1       10.91    (450 719.92) (550 819.92)
      M1       10.34    (500 719.92) (600 819.92)
      M1       10.00    (550 719.92) (650 819.92)
      M1        9.68    (600 719.92) (700 819.92)
      M1        9.47    (650 719.92) (750 819.92)
      M1        6.82    (700 719.92) (800 819.92)
      M1        3.42    (731.84 719.92) (831.84 819.92)


A total of 1274 density violation(s).
Windows < Min. Density = 1274
Windows > Max. Density = 0
Windows < Min. Union. Density = 0
Windows > Max. Union. Density = 0
