
Discarded input sections

 .text          0x00000000        0x0 chb_test_simple.o
 .data          0x00000000        0x0 chb_test_simple.o
 .bss           0x00000000        0x0 chb_test_simple.o
 .note.GNU-stack
                0x00000000        0x0 chb_test_simple.o
 .text          0x00000000        0x0 ../startup.o
 .data          0x00000000        0x0 ../startup.o
 .bss           0x00000000        0x0 ../startup.o

Memory Configuration

Name             Origin             Length             Attributes
FLASH            0x00004000         0x0000c000         xr
RAM              0x00010000         0x0000f000         xrw
*default*        0x00000000         0xffffffff

Linker script and memory map

LOAD chb_test_simple.o
LOAD ../startup.o

.text           0x00004000      0x5b0
 *(.text.start)
 .text.start    0x00004000       0x70 ../startup.o
                0x00004000                _app_start
                0x0000406c                _exception_handler
                0x0000406c                _interrupt_handler
 *(.text*)
 .text.uart_puts
                0x00004070       0x38 chb_test_simple.o
 .text.startup.main
                0x000040a8      0x3cc chb_test_simple.o
                0x000040a8                main
 *(.rodata*)
 .rodata.main.str1.4
                0x00004474      0x13a chb_test_simple.o
 *(.srodata*)
                0x000045b0                        . = ALIGN (0x4)
 *fill*         0x000045ae        0x2 
                0x000045b0                        _etext = .
                0x00004db0                        __global_pointer$ = (. + 0x800)

.rela.dyn       0x000045b0        0x0
 .rela.text.start
                0x000045b0        0x0 chb_test_simple.o

.data           0x00010000        0x0 load address 0x000045b0
                0x00010000                        . = ALIGN (0x4)
                0x00010000                        _data_start = .
 *(.data*)
 *(.sdata*)
                0x00010000                        . = ALIGN (0x4)
                0x00010000                        _data_end = .
                0x000045b0                        _data_load = LOADADDR (.data)

.bss            0x00010000        0x0 load address 0x000045b0
                0x00010000                        . = ALIGN (0x4)
                0x00010000                        _bss_start = .
 *(.bss*)
 *(.sbss*)
 *(COMMON)
                0x00010000                        . = ALIGN (0x4)
                0x00010000                        _bss_end = .

.heap           0x00010000        0x0 load address 0x000045b0
                0x00010000                        . = ALIGN (0x4)
                0x00010000                        _heap_start = .

.stack          0x00010000     0xf000 load address 0x000045b0
                0x00010000                        . = ALIGN (0x10)
                0x0001e000                        . = ((ORIGIN (RAM) + LENGTH (RAM)) - 0x1000)
 *fill*         0x00010000     0xe000 
                0x0001e000                        _stack_start = .
                0x0001f000                        . = (. + 0x1000)
 *fill*         0x0001e000     0x1000 
                0x0001f000                        _stack_top = .
                0x0001f000                        _end = .
                0x0001e000                        _heap_end = _stack_start

.comment        0x00000000        0xf
 *(.comment)
 .comment       0x00000000        0xf chb_test_simple.o
                                 0x10 (size before relaxing)

.riscv.attributes
                0x00000000       0x37
 .riscv.attributes
                0x00000000       0x33 chb_test_simple.o
 .riscv.attributes
                0x00000033       0x35 ../startup.o

.debug_info
 *(.debug_info)

.debug_abbrev
 *(.debug_abbrev)

.debug_line
 *(.debug_line)

.debug_frame
 *(.debug_frame)

.debug_str
 *(.debug_str)

.debug_loc
 *(.debug_loc)

.debug_macinfo
 *(.debug_macinfo)

.debug_pubnames
 *(.debug_pubnames)

.debug_pubtypes
 *(.debug_pubtypes)

.debug_ranges
 *(.debug_ranges)

/DISCARD/
 *(.note.GNU-stack)
 *(.gnu_debuglink)
 *(.gnu.lto_*)
                [!provide]                        PROVIDE (_heap_size = (_heap_end - _heap_start))
                [!provide]                        PROVIDE (_stack_size = (_stack_top - _stack_start))
OUTPUT(chb_test_simple.elf elf32-littleriscv)
